Archive member included to satisfy reference by file (symbol)

C:/PROGRA~2/ARMGNU~1/14EFD8~1.2RE/bin/../lib/gcc/arm-none-eabi/14.2.1/thumb/v7e-m+dp/hard\libgcc.a(_aeabi_uldivmod.o)
                              cmake/stm32cubemx/CMakeFiles/STM32_Drivers.dir/__/__/Drivers/STM32H7xx_HAL_Driver/Src/stm32h7xx_hal_uart.c.obj (__aeabi_uldivmod)
C:/PROGRA~2/ARMGNU~1/14EFD8~1.2RE/bin/../lib/gcc/arm-none-eabi/14.2.1/thumb/v7e-m+dp/hard\libgcc.a(_udivmoddi4.o)
                              C:/PROGRA~2/ARMGNU~1/14EFD8~1.2RE/bin/../lib/gcc/arm-none-eabi/14.2.1/thumb/v7e-m+dp/hard\libgcc.a(_aeabi_uldivmod.o) (__udivmoddi4)
C:/PROGRA~2/ARMGNU~1/14EFD8~1.2RE/bin/../lib/gcc/arm-none-eabi/14.2.1/thumb/v7e-m+dp/hard\libgcc.a(_dvmd_tls.o)
                              C:/PROGRA~2/ARMGNU~1/14EFD8~1.2RE/bin/../lib/gcc/arm-none-eabi/14.2.1/thumb/v7e-m+dp/hard\libgcc.a(_aeabi_uldivmod.o) (__aeabi_ldiv0)
C:/PROGRA~2/ARMGNU~1/14EFD8~1.2RE/bin/../lib/gcc/arm-none-eabi/14.2.1/thumb/v7e-m+dp/hard\libg_nano.a(libc_a-exit.o)
                              C:/PROGRA~2/ARMGNU~1/14EFD8~1.2RE/bin/../lib/gcc/arm-none-eabi/14.2.1/thumb/v7e-m+dp/hard/crt0.o (exit)
C:/PROGRA~2/ARMGNU~1/14EFD8~1.2RE/bin/../lib/gcc/arm-none-eabi/14.2.1/thumb/v7e-m+dp/hard\libg_nano.a(libc_a-findfp.o)
                              C:/PROGRA~2/ARMGNU~1/14EFD8~1.2RE/bin/../lib/gcc/arm-none-eabi/14.2.1/thumb/v7e-m+dp/hard\libg_nano.a(libc_a-exit.o) (__stdio_exit_handler)
C:/PROGRA~2/ARMGNU~1/14EFD8~1.2RE/bin/../lib/gcc/arm-none-eabi/14.2.1/thumb/v7e-m+dp/hard\libg_nano.a(libc_a-fwalk.o)
                              C:/PROGRA~2/ARMGNU~1/14EFD8~1.2RE/bin/../lib/gcc/arm-none-eabi/14.2.1/thumb/v7e-m+dp/hard\libg_nano.a(libc_a-findfp.o) (_fwalk_sglue)
C:/PROGRA~2/ARMGNU~1/14EFD8~1.2RE/bin/../lib/gcc/arm-none-eabi/14.2.1/thumb/v7e-m+dp/hard\libg_nano.a(libc_a-printf.o)
                              CMakeFiles/nucleo-FDCAN.dir/Core/Src/main.c.obj (printf)
C:/PROGRA~2/ARMGNU~1/14EFD8~1.2RE/bin/../lib/gcc/arm-none-eabi/14.2.1/thumb/v7e-m+dp/hard\libg_nano.a(libc_a-puts.o)
                              CMakeFiles/nucleo-FDCAN.dir/Core/Src/main.c.obj (puts)
C:/PROGRA~2/ARMGNU~1/14EFD8~1.2RE/bin/../lib/gcc/arm-none-eabi/14.2.1/thumb/v7e-m+dp/hard\libg_nano.a(libc_a-stdio.o)
                              C:/PROGRA~2/ARMGNU~1/14EFD8~1.2RE/bin/../lib/gcc/arm-none-eabi/14.2.1/thumb/v7e-m+dp/hard\libg_nano.a(libc_a-findfp.o) (__sread)
C:/PROGRA~2/ARMGNU~1/14EFD8~1.2RE/bin/../lib/gcc/arm-none-eabi/14.2.1/thumb/v7e-m+dp/hard\libg_nano.a(libc_a-wbuf.o)
                              C:/PROGRA~2/ARMGNU~1/14EFD8~1.2RE/bin/../lib/gcc/arm-none-eabi/14.2.1/thumb/v7e-m+dp/hard\libg_nano.a(libc_a-puts.o) (__swbuf_r)
C:/PROGRA~2/ARMGNU~1/14EFD8~1.2RE/bin/../lib/gcc/arm-none-eabi/14.2.1/thumb/v7e-m+dp/hard\libg_nano.a(libc_a-wsetup.o)
                              C:/PROGRA~2/ARMGNU~1/14EFD8~1.2RE/bin/../lib/gcc/arm-none-eabi/14.2.1/thumb/v7e-m+dp/hard\libg_nano.a(libc_a-puts.o) (__swsetup_r)
C:/PROGRA~2/ARMGNU~1/14EFD8~1.2RE/bin/../lib/gcc/arm-none-eabi/14.2.1/thumb/v7e-m+dp/hard\libg_nano.a(libc_a-memset.o)
                              C:/PROGRA~2/ARMGNU~1/14EFD8~1.2RE/bin/../lib/gcc/arm-none-eabi/14.2.1/thumb/v7e-m+dp/hard/crt0.o (memset)
C:/PROGRA~2/ARMGNU~1/14EFD8~1.2RE/bin/../lib/gcc/arm-none-eabi/14.2.1/thumb/v7e-m+dp/hard\libg_nano.a(libc_a-closer.o)
                              C:/PROGRA~2/ARMGNU~1/14EFD8~1.2RE/bin/../lib/gcc/arm-none-eabi/14.2.1/thumb/v7e-m+dp/hard\libg_nano.a(libc_a-stdio.o) (_close_r)
C:/PROGRA~2/ARMGNU~1/14EFD8~1.2RE/bin/../lib/gcc/arm-none-eabi/14.2.1/thumb/v7e-m+dp/hard\libg_nano.a(libc_a-reent.o)
                              C:/PROGRA~2/ARMGNU~1/14EFD8~1.2RE/bin/../lib/gcc/arm-none-eabi/14.2.1/thumb/v7e-m+dp/hard\libg_nano.a(libc_a-closer.o) (errno)
C:/PROGRA~2/ARMGNU~1/14EFD8~1.2RE/bin/../lib/gcc/arm-none-eabi/14.2.1/thumb/v7e-m+dp/hard\libg_nano.a(libc_a-impure.o)
                              C:/PROGRA~2/ARMGNU~1/14EFD8~1.2RE/bin/../lib/gcc/arm-none-eabi/14.2.1/thumb/v7e-m+dp/hard\libg_nano.a(libc_a-printf.o) (_impure_ptr)
C:/PROGRA~2/ARMGNU~1/14EFD8~1.2RE/bin/../lib/gcc/arm-none-eabi/14.2.1/thumb/v7e-m+dp/hard\libg_nano.a(libc_a-lseekr.o)
                              C:/PROGRA~2/ARMGNU~1/14EFD8~1.2RE/bin/../lib/gcc/arm-none-eabi/14.2.1/thumb/v7e-m+dp/hard\libg_nano.a(libc_a-stdio.o) (_lseek_r)
C:/PROGRA~2/ARMGNU~1/14EFD8~1.2RE/bin/../lib/gcc/arm-none-eabi/14.2.1/thumb/v7e-m+dp/hard\libg_nano.a(libc_a-readr.o)
                              C:/PROGRA~2/ARMGNU~1/14EFD8~1.2RE/bin/../lib/gcc/arm-none-eabi/14.2.1/thumb/v7e-m+dp/hard\libg_nano.a(libc_a-stdio.o) (_read_r)
C:/PROGRA~2/ARMGNU~1/14EFD8~1.2RE/bin/../lib/gcc/arm-none-eabi/14.2.1/thumb/v7e-m+dp/hard\libg_nano.a(libc_a-writer.o)
                              C:/PROGRA~2/ARMGNU~1/14EFD8~1.2RE/bin/../lib/gcc/arm-none-eabi/14.2.1/thumb/v7e-m+dp/hard\libg_nano.a(libc_a-stdio.o) (_write_r)
C:/PROGRA~2/ARMGNU~1/14EFD8~1.2RE/bin/../lib/gcc/arm-none-eabi/14.2.1/thumb/v7e-m+dp/hard\libg_nano.a(libc_a-errno.o)
[...]
Memory Configuration

Name             Origin             Length             Attributes
DTCMRAM          0x20000000         0x00020000         xrw
RAM_D1           0x24000000         0x00050000         xrw
RAM_D2           0x30000000         0x00008000         xrw
RAM_D3           0x38000000         0x00004000         xrw
ITCMRAM          0x00000000         0x00010000         xrw
FLASH            0x08000000         0x00100000         xr
*default*        0x00000000         0xffffffff

Linker script and memory map

LOAD C:/PROGRA~2/ARMGNU~1/14EFD8~1.2RE/bin/../lib/gcc/arm-none-eabi/14.2.1/thumb/v7e-m+dp/hard/crti.o
LOAD C:/PROGRA~2/ARMGNU~1/14EFD8~1.2RE/bin/../lib/gcc/arm-none-eabi/14.2.1/thumb/v7e-m+dp/hard/crtbegin.o
LOAD C:/PROGRA~2/ARMGNU~1/14EFD8~1.2RE/bin/../lib/gcc/arm-none-eabi/14.2.1/thumb/v7e-m+dp/hard/crt0.o
LOAD cmake/stm32cubemx/CMakeFiles/STM32_Drivers.dir/__/__/Core/Src/system_stm32h7xx.c.obj
LOAD cmake/stm32cubemx/CMakeFiles/STM32_Drivers.dir/__/__/Drivers/STM32H7xx_HAL_Driver/Src/stm32h7xx_hal_cortex.c.obj
LOAD cmake/stm32cubemx/CMakeFiles/STM32_Drivers.dir/__/__/Drivers/STM32H7xx_HAL_Driver/Src/stm32h7xx_hal_fdcan.c.obj
LOAD cmake/stm32cubemx/CMakeFiles/STM32_Drivers.dir/__/__/Drivers/STM32H7xx_HAL_Driver/Src/stm32h7xx_hal_rcc.c.obj
LOAD cmake/stm32cubemx/CMakeFiles/STM32_Drivers.dir/__/__/Drivers/STM32H7xx_HAL_Driver/Src/stm32h7xx_hal_rcc_ex.c.obj
LOAD cmake/stm32cubemx/CMakeFiles/STM32_Drivers.dir/__/__/Drivers/STM32H7xx_HAL_Driver/Src/stm32h7xx_hal_flash.c.obj
LOAD cmake/stm32cubemx/CMakeFiles/STM32_Drivers.dir/__/__/Drivers/STM32H7xx_HAL_Driver/Src/stm32h7xx_hal_flash_ex.c.obj
LOAD cmake/stm32cubemx/CMakeFiles/STM32_Drivers.dir/__/__/Drivers/STM32H7xx_HAL_Driver/Src/stm32h7xx_hal_gpio.c.obj
LOAD cmake/stm32cubemx/CMakeFiles/STM32_Drivers.dir/__/__/Drivers/STM32H7xx_HAL_Driver/Src/stm32h7xx_hal_hsem.c.obj
LOAD cmake/stm32cubemx/CMakeFiles/STM32_Drivers.dir/__/__/Drivers/STM32H7xx_HAL_Driver/Src/stm32h7xx_hal_dma.c.obj
LOAD cmake/stm32cubemx/CMakeFiles/STM32_Drivers.dir/__/__/Drivers/STM32H7xx_HAL_Driver/Src/stm32h7xx_hal_dma_ex.c.obj
LOAD cmake/stm32cubemx/CMakeFiles/STM32_Drivers.dir/__/__/Drivers/STM32H7xx_HAL_Driver/Src/stm32h7xx_hal_mdma.c.obj
LOAD cmake/stm32cubemx/CMakeFiles/STM32_Drivers.dir/__/__/Drivers/STM32H7xx_HAL_Driver/Src/stm32h7xx_hal_pwr.c.obj
LOAD cmake/stm32cubemx/CMakeFiles/STM32_Drivers.dir/__/__/Drivers/STM32H7xx_HAL_Driver/Src/stm32h7xx_hal_pwr_ex.c.obj
LOAD cmake/stm32cubemx/CMakeFiles/STM32_Drivers.dir/__/__/Drivers/STM32H7xx_HAL_Driver/Src/stm32h7xx_hal.c.obj
LOAD cmake/stm32cubemx/CMakeFiles/STM32_Drivers.dir/__/__/Drivers/STM32H7xx_HAL_Driver/Src/stm32h7xx_hal_i2c.c.obj
LOAD cmake/stm32cubemx/CMakeFiles/STM32_Drivers.dir/__/__/Drivers/STM32H7xx_HAL_Driver/Src/stm32h7xx_hal_i2c_ex.c.obj
LOAD cmake/stm32cubemx/CMakeFiles/STM32_Drivers.dir/__/__/Drivers/STM32H7xx_HAL_Driver/Src/stm32h7xx_hal_exti.c.obj
LOAD cmake/stm32cubemx/CMakeFiles/STM32_Drivers.dir/__/__/Drivers/STM32H7xx_HAL_Driver/Src/stm32h7xx_hal_tim.c.obj
LOAD cmake/stm32cubemx/CMakeFiles/STM32_Drivers.dir/__/__/Drivers/STM32H7xx_HAL_Driver/Src/stm32h7xx_hal_tim_ex.c.obj
LOAD cmake/stm32cubemx/CMakeFiles/STM32_Drivers.dir/__/__/Drivers/STM32H7xx_HAL_Driver/Src/stm32h7xx_hal_uart.c.obj
LOAD cmake/stm32cubemx/CMakeFiles/STM32_Drivers.dir/__/__/Drivers/STM32H7xx_HAL_Driver/Src/stm32h7xx_hal_uart_ex.c.obj
LOAD CMakeFiles/nucleo-FDCAN.dir/Core/Src/main.c.obj
LOAD CMakeFiles/nucleo-FDCAN.dir/Core/Src/stm32h7xx_it.c.obj
LOAD CMakeFiles/nucleo-FDCAN.dir/Core/Src/stm32h7xx_hal_msp.c.obj
LOAD CMakeFiles/nucleo-FDCAN.dir/Core/Src/sysmem.c.obj
LOAD CMakeFiles/nucleo-FDCAN.dir/Core/Src/syscalls.c.obj
LOAD CMakeFiles/nucleo-FDCAN.dir/startup_stm32h723xx.s.obj
LOAD C:/PROGRA~2/ARMGNU~1/14EFD8~1.2RE/bin/../lib/gcc/arm-none-eabi/14.2.1/thumb/v7e-m+dp/hard\libm.a
START GROUP
LOAD C:/PROGRA~2/ARMGNU~1/14EFD8~1.2RE/bin/../lib/gcc/arm-none-eabi/14.2.1/thumb/v7e-m+dp/hard\libgcc.a
LOAD C:/PROGRA~2/ARMGNU~1/14EFD8~1.2RE/bin/../lib/gcc/arm-none-eabi/14.2.1/thumb/v7e-m+dp/hard\libg_nano.a
LOAD C:/PROGRA~2/ARMGNU~1/14EFD8~1.2RE/bin/../lib/gcc/arm-none-eabi/14.2.1/thumb/v7e-m+dp/hard\libc_nano.a
END GROUP
START GROUP
LOAD C:/PROGRA~2/ARMGNU~1/14EFD8~1.2RE/bin/../lib/gcc/arm-none-eabi/14.2.1/thumb/v7e-m+dp/hard\libgcc.a
LOAD C:/PROGRA~2/ARMGNU~1/14EFD8~1.2RE/bin/../lib/gcc/arm-none-eabi/14.2.1/thumb/v7e-m+dp/hard\libc_nano.a
END GROUP
LOAD C:/PROGRA~2/ARMGNU~1/14EFD8~1.2RE/bin/../lib/gcc/arm-none-eabi/14.2.1/thumb/v7e-m+dp/hard/crtend.o
LOAD C:/PROGRA~2/ARMGNU~1/14EFD8~1.2RE/bin/../lib/gcc/arm-none-eabi/14.2.1/thumb/v7e-m+dp/hard/crtn.o
                0x20020000                        _estack = (ORIGIN (DTCMRAM) + LENGTH (DTCMRAM))
                0x00000200                        _Min_Heap_Size = 0x200
                0x00000400                        _Min_Stack_Size = 0x400

.isr_vector     0x08000000      0x2cc
                0x08000000                        . = ALIGN (0x4)
 *(.isr_vector)
 .isr_vector    0x08000000      0x2cc CMakeFiles/nucleo-FDCAN.dir/startup_stm32h723xx.s.obj
                0x08000000                g_pfnVectors
                0x080002cc                        . = ALIGN (0x4)

.text           0x080002d0     0x4d38
                0x080002d0                        . = ALIGN (0x4)
 *(.text)
 .text          0x080002d0       0x30 C:/PROGRA~2/ARMGNU~1/14EFD8~1.2RE/bin/../lib/gcc/arm-none-eabi/14.2.1/thumb/v7e-m+dp/hard\libgcc.a(_aeabi_uldivmod.o)
                0x080002d0                __aeabi_uldivmod
 .text          0x08000300        0x4 C:/PROGRA~2/ARMGNU~1/14EFD8~1.2RE/bin/../lib/gcc/arm-none-eabi/14.2.1/thumb/v7e-m+dp/hard\libgcc.a(_dvmd_tls.o)
                0x08000300                __aeabi_idiv0
                0x08000300                __aeabi_ldiv0
 *fill*         0x08000304        0xc 
 .text          0x08000310       0xa0 C:/PROGRA~2/ARMGNU~1/14EFD8~1.2RE/bin/../lib/gcc/arm-none-eabi/14.2.1/thumb/v7e-m+dp/hard\libg_nano.a(libc_a-memchr.o)
                0x08000310                memchr
 *(.text*)
 .text.deregister_tm_clones
                0x080003b0       0x1c C:/PROGRA~2/ARMGNU~1/14EFD8~1.2RE/bin/../lib/gcc/arm-none-eabi/14.2.1/thumb/v7e-m+dp/hard/crtbegin.o
 .text.register_tm_clones
                0x080003cc       0x24 C:/PROGRA~2/ARMGNU~1/14EFD8~1.2RE/bin/../lib/gcc/arm-none-eabi/14.2.1/thumb/v7e-m+dp/hard/crtbegin.o
 .text.__do_global_dtors_aux
                0x080003f0       0x28 C:/PROGRA~2/ARMGNU~1/14EFD8~1.2RE/bin/../lib/gcc/arm-none-eabi/14.2.1/thumb/v7e-m+dp/hard/crtbegin.o
 .text.frame_dummy
                0x08000418       0x24 C:/PROGRA~2/ARMGNU~1/14EFD8~1.2RE/bin/../lib/gcc/arm-none-eabi/14.2.1/thumb/v7e-m+dp/hard/crtbegin.o
 .text.SystemInit
                0x0800043c       0xc4 cmake/stm32cubemx/CMakeFiles/STM32_Drivers.dir/__/__/Core/Src/system_stm32h7xx.c.obj
                0x0800043c                SystemInit
 .text.ExitRun0Mode
                0x08000500       0x18 cmake/stm32cubemx/CMakeFiles/STM32_Drivers.dir/__/__/Core/Src/system_stm32h7xx.c.obj
                0x08000500                ExitRun0Mode
 .text.HAL_NVIC_SetPriorityGrouping
                0x08000518       0x24 cmake/stm32cubemx/CMakeFiles/STM32_Drivers.dir/__/__/Drivers/STM32H7xx_HAL_Driver/Src/stm32h7xx_hal_cortex.c.obj
                0x08000518                HAL_NVIC_SetPriorityGrouping
 .text.HAL_NVIC_SetPriority
                0x0800053c       0x64 cmake/stm32cubemx/CMakeFiles/STM32_Drivers.dir/__/__/Drivers/STM32H7xx_HAL_Driver/Src/stm32h7xx_hal_cortex.c.obj
                0x0800053c                HAL_NVIC_SetPriority
 .text.HAL_NVIC_EnableIRQ
                0x080005a0       0x1c cmake/stm32cubemx/CMakeFiles/STM32_Drivers.dir/__/__/Drivers/STM32H7xx_HAL_Driver/Src/stm32h7xx_hal_cortex.c.obj
                0x080005a0                HAL_NVIC_EnableIRQ
 .text.HAL_SYSTICK_Config
                0x080005bc       0x28 cmake/stm32cubemx/CMakeFiles/STM32_Drivers.dir/__/__/Drivers/STM32H7xx_HAL_Driver/Src/stm32h7xx_hal_cortex.c.obj
                0x080005bc                HAL_SYSTICK_Config
 .text.HAL_MPU_Disable
                0x080005e4       0x1c cmake/stm32cubemx/CMakeFiles/STM32_Drivers.dir/__/__/Drivers/STM32H7xx_HAL_Driver/Src/stm32h7xx_hal_cortex.c.obj
                0x080005e4                HAL_MPU_Disable
 .text.HAL_MPU_Enable
                0x08000600       0x20 cmake/stm32cubemx/CMakeFiles/STM32_Drivers.dir/__/__/Drivers/STM32H7xx_HAL_Driver/Src/stm32h7xx_hal_cortex.c.obj
                0x08000600                HAL_MPU_Enable
 .text.HAL_MPU_ConfigRegion
                0x08000620       0x58 cmake/stm32cubemx/CMakeFiles/STM32_Drivers.dir/__/__/Drivers/STM32H7xx_HAL_Driver/Src/stm32h7xx_hal_cortex.c.obj
                0x08000620                HAL_MPU_ConfigRegion
 .text.FDCAN_CopyMessageToRAM
                0x08000678       0x80 cmake/stm32cubemx/CMakeFiles/STM32_Drivers.dir/__/__/Drivers/STM32H7xx_HAL_Driver/Src/stm32h7xx_hal_fdcan.c.obj
 .text.HAL_FDCAN_Init
                0x080006f8      0x3d4 cmake/stm32cubemx/CMakeFiles/STM32_Drivers.dir/__/__/Drivers/STM32H7xx_HAL_Driver/Src/stm32h7xx_hal_fdcan.c.obj
                0x080006f8                HAL_FDCAN_Init
 .text.HAL_FDCAN_ConfigFilter
                0x08000acc       0x78 cmake/stm32cubemx/CMakeFiles/STM32_Drivers.dir/__/__/Drivers/STM32H7xx_HAL_Driver/Src/stm32h7xx_hal_fdcan.c.obj
                0x08000acc                HAL_FDCAN_ConfigFilter
 .text.HAL_FDCAN_Start
                0x08000b44       0x32 cmake/stm32cubemx/CMakeFiles/STM32_Drivers.dir/__/__/Drivers/STM32H7xx_HAL_Driver/Src/stm32h7xx_hal_fdcan.c.obj
                0x08000b44                HAL_FDCAN_Start
 .text.HAL_FDCAN_AddMessageToTxFifoQ
                0x08000b76       0x64 cmake/stm32cubemx/CMakeFiles/STM32_Drivers.dir/__/__/Drivers/STM32H7xx_HAL_Driver/Src/stm32h7xx_hal_fdcan.c.obj
                0x08000b76                HAL_FDCAN_AddMessageToTxFifoQ
 *fill*         0x08000bda        0x2 
 .text.HAL_FDCAN_GetRxMessage
                0x08000bdc      0x174 cmake/stm32cubemx/CMakeFiles/STM32_Drivers.dir/__/__/Drivers/STM32H7xx_HAL_Driver/Src/stm32h7xx_hal_fdcan.c.obj
                0x08000bdc                HAL_FDCAN_GetRxMessage
 .text.HAL_FDCAN_GetRxFifoFillLevel
                0x08000d50       0x16 cmake/stm32cubemx/CMakeFiles/STM32_Drivers.dir/__/__/Drivers/STM32H7xx_HAL_Driver/Src/stm32h7xx_hal_fdcan.c.obj
                0x08000d50                HAL_FDCAN_GetRxFifoFillLevel
 *fill*         0x08000d66        0x2 
 .text.HAL_RCC_OscConfig
                0x08000d68      0x4ec cmake/stm32cubemx/CMakeFiles/STM32_Drivers.dir/__/__/Drivers/STM32H7xx_HAL_Driver/Src/stm32h7xx_hal_rcc.c.obj
                0x08000d68                HAL_RCC_OscConfig
 .text.HAL_RCC_GetSysClockFreq
                0x08001254      0x144 cmake/stm32cubemx/CMakeFiles/STM32_Drivers.dir/__/__/Drivers/STM32H7xx_HAL_Driver/Src/stm32h7xx_hal_rcc.c.obj
                0x08001254                HAL_RCC_GetSysClockFreq
 .text.HAL_RCC_ClockConfig
                0x08001398      0x24c cmake/stm32cubemx/CMakeFiles/STM32_Drivers.dir/__/__/Drivers/STM32H7xx_HAL_Driver/Src/stm32h7xx_hal_rcc.c.obj
                0x08001398                HAL_RCC_ClockConfig
 .text.HAL_RCC_GetHCLKFreq
                0x080015e4       0x44 cmake/stm32cubemx/CMakeFiles/STM32_Drivers.dir/__/__/Drivers/STM32H7xx_HAL_Driver/Src/stm32h7xx_hal_rcc.c.obj
                0x080015e4                HAL_RCC_GetHCLKFreq
 .text.HAL_RCC_GetPCLK1Freq
                0x08001628       0x24 cmake/stm32cubemx/CMakeFiles/STM32_Drivers.dir/__/__/Drivers/STM32H7xx_HAL_Driver/Src/stm32h7xx_hal_rcc.c.obj
                0x08001628                HAL_RCC_GetPCLK1Freq
 .text.HAL_RCC_GetPCLK2Freq
                0x0800164c       0x24 cmake/stm32cubemx/CMakeFiles/STM32_Drivers.dir/__/__/Drivers/STM32H7xx_HAL_Driver/Src/stm32h7xx_hal_rcc.c.obj
                0x0800164c                HAL_RCC_GetPCLK2Freq
 .text.RCCEx_PLL2_Config
                0x08001670       0xec cmake/stm32cubemx/CMakeFiles/STM32_Drivers.dir/__/__/Drivers/STM32H7xx_HAL_Driver/Src/stm32h7xx_hal_rcc_ex.c.obj
 .text.RCCEx_PLL3_Config
                0x0800175c       0xec cmake/stm32cubemx/CMakeFiles/STM32_Drivers.dir/__/__/Drivers/STM32H7xx_HAL_Driver/Src/stm32h7xx_hal_rcc_ex.c.obj
 .text.HAL_RCCEx_PeriphCLKConfig
                0x08001848      0x954 cmake/stm32cubemx/CMakeFiles/STM32_Drivers.dir/__/__/Drivers/STM32H7xx_HAL_Driver/Src/stm32h7xx_hal_rcc_ex.c.obj
                0x08001848                HAL_RCCEx_PeriphCLKConfig
 .text.HAL_RCCEx_GetD3PCLK1Freq
                0x0800219c       0x24 cmake/stm32cubemx/CMakeFiles/STM32_Drivers.dir/__/__/Drivers/STM32H7xx_HAL_Driver/Src/stm32h7xx_hal_rcc_ex.c.obj
                0x0800219c                HAL_RCCEx_GetD3PCLK1Freq
 .text.HAL_RCCEx_GetPLL2ClockFreq
                0x080021c0      0x154 cmake/stm32cubemx/CMakeFiles/STM32_Drivers.dir/__/__/Drivers/STM32H7xx_HAL_Driver/Src/stm32h7xx_hal_rcc_ex.c.obj
                0x080021c0                HAL_RCCEx_GetPLL2ClockFreq
 .text.HAL_RCCEx_GetPLL3ClockFreq
                0x08002314      0x154 cmake/stm32cubemx/CMakeFiles/STM32_Drivers.dir/__/__/Drivers/STM32H7xx_HAL_Driver/Src/stm32h7xx_hal_rcc_ex.c.obj
                0x08002314                HAL_RCCEx_GetPLL3ClockFreq
 .text.HAL_GPIO_Init
                0x08002468      0x1c4 cmake/stm32cubemx/CMakeFiles/STM32_Drivers.dir/__/__/Drivers/STM32H7xx_HAL_Driver/Src/stm32h7xx_hal_gpio.c.obj
                0x08002468                HAL_GPIO_Init
 .text.HAL_GPIO_WritePin
                0x0800262c        0xa cmake/stm32cubemx/CMakeFiles/STM32_Drivers.dir/__/__/Drivers/STM32H7xx_HAL_Driver/Src/stm32h7xx_hal_gpio.c.obj
                0x0800262c                HAL_GPIO_WritePin
 .text.HAL_GPIO_TogglePin
                0x08002636       0x12 cmake/stm32cubemx/CMakeFiles/STM32_Drivers.dir/__/__/Drivers/STM32H7xx_HAL_Driver/Src/stm32h7xx_hal_gpio.c.obj
                0x08002636                HAL_GPIO_TogglePin
 .text.HAL_DMA_Abort
                0x08002648      0x228 cmake/stm32cubemx/CMakeFiles/STM32_Drivers.dir/__/__/Drivers/STM32H7xx_HAL_Driver/Src/stm32h7xx_hal_dma.c.obj
                0x08002648                HAL_DMA_Abort
 .text.HAL_DMA_Abort_IT
                0x08002870      0x120 cmake/stm32cubemx/CMakeFiles/STM32_Drivers.dir/__/__/Drivers/STM32H7xx_HAL_Driver/Src/stm32h7xx_hal_dma.c.obj
                0x08002870                HAL_DMA_Abort_IT
 .text.HAL_PWREx_ConfigSupply
                0x08002990       0x48 cmake/stm32cubemx/CMakeFiles/STM32_Drivers.dir/__/__/Drivers/STM32H7xx_HAL_Driver/Src/stm32h7xx_hal_pwr_ex.c.obj
                0x08002990                HAL_PWREx_ConfigSupply
 .text.HAL_InitTick
                0x080029d8       0x4c cmake/stm32cubemx/CMakeFiles/STM32_Drivers.dir/__/__/Drivers/STM32H7xx_HAL_Driver/Src/stm32h7xx_hal.c.obj
                0x080029d8                HAL_InitTick
 .text.HAL_Init
                0x08002a24       0x5c cmake/stm32cubemx/CMakeFiles/STM32_Drivers.dir/__/__/Drivers/STM32H7xx_HAL_Driver/Src/stm32h7xx_hal.c.obj
                0x08002a24                HAL_Init
 .text.HAL_IncTick
                0x08002a80       0x18 cmake/stm32cubemx/CMakeFiles/STM32_Drivers.dir/__/__/Drivers/STM32H7xx_HAL_Driver/Src/stm32h7xx_hal.c.obj
                0x08002a80                HAL_IncTick
 .text.HAL_GetTick
                0x08002a98        0xc cmake/stm32cubemx/CMakeFiles/STM32_Drivers.dir/__/__/Drivers/STM32H7xx_HAL_Driver/Src/stm32h7xx_hal.c.obj
                0x08002a98                HAL_GetTick
 .text.HAL_Delay
                0x08002aa4       0x24 cmake/stm32cubemx/CMakeFiles/STM32_Drivers.dir/__/__/Drivers/STM32H7xx_HAL_Driver/Src/stm32h7xx_hal.c.obj
                0x08002aa4                HAL_Delay
 .text.UART_EndRxTransfer
                0x08002ac8       0x58 cmake/stm32cubemx/CMakeFiles/STM32_Drivers.dir/__/__/Drivers/STM32H7xx_HAL_Driver/Src/stm32h7xx_hal_uart.c.obj
 .text.HAL_UART_TxCpltCallback
                0x08002b20        0x2 cmake/stm32cubemx/CMakeFiles/STM32_Drivers.dir/__/__/Drivers/STM32H7xx_HAL_Driver/Src/stm32h7xx_hal_uart.c.obj
                0x08002b20                HAL_UART_TxCpltCallback
 .text.HAL_UART_ErrorCallback
                0x08002b22        0x2 cmake/stm32cubemx/CMakeFiles/STM32_Drivers.dir/__/__/Drivers/STM32H7xx_HAL_Driver/Src/stm32h7xx_hal_uart.c.obj
                0x08002b22                HAL_UART_ErrorCallback
 .text.UART_DMAAbortOnError
                0x08002b24       0x10 cmake/stm32cubemx/CMakeFiles/STM32_Drivers.dir/__/__/Drivers/STM32H7xx_HAL_Driver/Src/stm32h7xx_hal_uart.c.obj
 .text.HAL_UARTEx_RxEventCallback
                0x08002b34        0x2 cmake/stm32cubemx/CMakeFiles/STM32_Drivers.dir/__/__/Drivers/STM32H7xx_HAL_Driver/Src/stm32h7xx_hal_uart.c.obj
                0x08002b34                HAL_UARTEx_RxEventCallback
 *fill*         0x08002b36        0x2 
 .text.HAL_UART_IRQHandler
                0x08002b38      0x354 cmake/stm32cubemx/CMakeFiles/STM32_Drivers.dir/__/__/Drivers/STM32H7xx_HAL_Driver/Src/stm32h7xx_hal_uart.c.obj
                0x08002b38                HAL_UART_IRQHandler
 .text.UART_SetConfig
                0x08002e8c      0x310 cmake/stm32cubemx/CMakeFiles/STM32_Drivers.dir/__/__/Drivers/STM32H7xx_HAL_Driver/Src/stm32h7xx_hal_uart.c.obj
                0x08002e8c                UART_SetConfig
 .text.UART_AdvFeatureConfig
                0x0800319c       0xaa cmake/stm32cubemx/CMakeFiles/STM32_Drivers.dir/__/__/Drivers/STM32H7xx_HAL_Driver/Src/stm32h7xx_hal_uart.c.obj
                0x0800319c                UART_AdvFeatureConfig
 .text.UART_WaitOnFlagUntilTimeout
                0x08003246       0x90 cmake/stm32cubemx/CMakeFiles/STM32_Drivers.dir/__/__/Drivers/STM32H7xx_HAL_Driver/Src/stm32h7xx_hal_uart.c.obj
                0x08003246                UART_WaitOnFlagUntilTimeout
 .text.HAL_UART_Transmit
                0x080032d6       0xaa cmake/stm32cubemx/CMakeFiles/STM32_Drivers.dir/__/__/Drivers/STM32H7xx_HAL_Driver/Src/stm32h7xx_hal_uart.c.obj
                0x080032d6                HAL_UART_Transmit
 .text.UART_CheckIdleState
                0x08003380       0xb6 cmake/stm32cubemx/CMakeFiles/STM32_Drivers.dir/__/__/Drivers/STM32H7xx_HAL_Driver/Src/stm32h7xx_hal_uart.c.obj
                0x08003380                UART_CheckIdleState
 .text.HAL_UART_Init
                0x08003436       0x60 cmake/stm32cubemx/CMakeFiles/STM32_Drivers.dir/__/__/Drivers/STM32H7xx_HAL_Driver/Src/stm32h7xx_hal_uart.c.obj
                0x08003436                HAL_UART_Init
 *fill*         0x08003496        0x2 
 .text.UARTEx_SetNbDataToProcess
                0x08003498       0x44 cmake/stm32cubemx/CMakeFiles/STM32_Drivers.dir/__/__/Drivers/STM32H7xx_HAL_Driver/Src/stm32h7xx_hal_uart_ex.c.obj
 .text.HAL_UARTEx_WakeupCallback
                0x080034dc        0x2 cmake/stm32cubemx/CMakeFiles/STM32_Drivers.dir/__/__/Drivers/STM32H7xx_HAL_Driver/Src/stm32h7xx_hal_uart_ex.c.obj
                0x080034dc                HAL_UARTEx_WakeupCallback
 .text.HAL_UARTEx_RxFifoFullCallback
                0x080034de        0x2 cmake/stm32cubemx/CMakeFiles/STM32_Drivers.dir/__/__/Drivers/STM32H7xx_HAL_Driver/Src/stm32h7xx_hal_uart_ex.c.obj
                0x080034de                HAL_UARTEx_RxFifoFullCallback
 .text.HAL_UARTEx_TxFifoEmptyCallback
                0x080034e0        0x2 cmake/stm32cubemx/CMakeFiles/STM32_Drivers.dir/__/__/Drivers/STM32H7xx_HAL_Driver/Src/stm32h7xx_hal_uart_ex.c.obj
                0x080034e0                HAL_UARTEx_TxFifoEmptyCallback
 .text.HAL_UARTEx_DisableFifoMode
                0x080034e2       0x36 cmake/stm32cubemx/CMakeFiles/STM32_Drivers.dir/__/__/Drivers/STM32H7xx_HAL_Driver/Src/stm32h7xx_hal_uart_ex.c.obj
                0x080034e2                HAL_UARTEx_DisableFifoMode
 .text.HAL_UARTEx_SetTxFifoThreshold
                0x08003518       0x40 cmake/stm32cubemx/CMakeFiles/STM32_Drivers.dir/__/__/Drivers/STM32H7xx_HAL_Driver/Src/stm32h7xx_hal_uart_ex.c.obj
                0x08003518                HAL_UARTEx_SetTxFifoThreshold
 .text.HAL_UARTEx_SetRxFifoThreshold
                0x08003558       0x40 cmake/stm32cubemx/CMakeFiles/STM32_Drivers.dir/__/__/Drivers/STM32H7xx_HAL_Driver/Src/stm32h7xx_hal_uart_ex.c.obj
                0x08003558                HAL_UARTEx_SetRxFifoThreshold
 .text.__io_putchar
                0x08003598       0x20 CMakeFiles/nucleo-FDCAN.dir/Core/Src/main.c.obj
                0x08003598                __io_putchar
 .text.SystemClock_Config
                0x080035b8       0xa4 CMakeFiles/nucleo-FDCAN.dir/Core/Src/main.c.obj
                0x080035b8                SystemClock_Config
 .text.get_fdcan_error_string
                0x0800365c      0x174 CMakeFiles/nucleo-FDCAN.dir/Core/Src/main.c.obj
                0x0800365c                get_fdcan_error_string
 .text.startup.main
                0x080037d0      0x2f8 CMakeFiles/nucleo-FDCAN.dir/Core/Src/main.c.obj
                0x080037d0                main
 .text.Error_Handler
                0x08003ac8        0x4 CMakeFiles/nucleo-FDCAN.dir/Core/Src/main.c.obj
                0x08003ac8                Error_Handler
 .text.NMI_Handler
                0x08003acc        0x2 CMakeFiles/nucleo-FDCAN.dir/Core/Src/stm32h7xx_it.c.obj
                0x08003acc                NMI_Handler
 .text.HardFault_Handler
                0x08003ace        0x2 CMakeFiles/nucleo-FDCAN.dir/Core/Src/stm32h7xx_it.c.obj
                0x08003ace                HardFault_Handler
 .text.MemManage_Handler
                0x08003ad0        0x2 CMakeFiles/nucleo-FDCAN.dir/Core/Src/stm32h7xx_it.c.obj
                0x08003ad0                MemManage_Handler
 .text.BusFault_Handler
                0x08003ad2        0x2 CMakeFiles/nucleo-FDCAN.dir/Core/Src/stm32h7xx_it.c.obj
                0x08003ad2                BusFault_Handler
 .text.UsageFault_Handler
                0x08003ad4        0x2 CMakeFiles/nucleo-FDCAN.dir/Core/Src/stm32h7xx_it.c.obj
                0x08003ad4                UsageFault_Handler
 .text.SVC_Handler
                0x08003ad6        0x2 CMakeFiles/nucleo-FDCAN.dir/Core/Src/stm32h7xx_it.c.obj
                0x08003ad6                SVC_Handler
 .text.DebugMon_Handler
                0x08003ad8        0x2 CMakeFiles/nucleo-FDCAN.dir/Core/Src/stm32h7xx_it.c.obj
                0x08003ad8                DebugMon_Handler
 .text.PendSV_Handler
                0x08003ada        0x2 CMakeFiles/nucleo-FDCAN.dir/Core/Src/stm32h7xx_it.c.obj
                0x08003ada                PendSV_Handler
 .text.SysTick_Handler
                0x08003adc        0x4 CMakeFiles/nucleo-FDCAN.dir/Core/Src/stm32h7xx_it.c.obj
                0x08003adc                SysTick_Handler
 .text.USART3_IRQHandler
                0x08003ae0        0xc CMakeFiles/nucleo-FDCAN.dir/Core/Src/stm32h7xx_it.c.obj
                0x08003ae0                USART3_IRQHandler
 .text.HAL_MspInit
                0x08003aec       0x24 CMakeFiles/nucleo-FDCAN.dir/Core/Src/stm32h7xx_hal_msp.c.obj
                0x08003aec                HAL_MspInit
 .text.HAL_FDCAN_MspInit
                0x08003b10      0x134 CMakeFiles/nucleo-FDCAN.dir/Core/Src/stm32h7xx_hal_msp.c.obj
                0x08003b10                HAL_FDCAN_MspInit
 .text.HAL_UART_MspInit
                0x08003c44       0xa4 CMakeFiles/nucleo-FDCAN.dir/Core/Src/stm32h7xx_hal_msp.c.obj
                0x08003c44                HAL_UART_MspInit
 .text._sbrk    0x08003ce8       0x3c CMakeFiles/nucleo-FDCAN.dir/Core/Src/sysmem.c.obj
                0x08003ce8                _sbrk
 .text._read    0x08003d24       0x1c CMakeFiles/nucleo-FDCAN.dir/Core/Src/syscalls.c.obj
                0x08003d24                _read
 .text._write   0x08003d40       0x1c CMakeFiles/nucleo-FDCAN.dir/Core/Src/syscalls.c.obj
                0x08003d40                _write
 .text._close   0x08003d5c        0x6 CMakeFiles/nucleo-FDCAN.dir/Core/Src/syscalls.c.obj
                0x08003d5c                _close
 .text._fstat   0x08003d62        0xa CMakeFiles/nucleo-FDCAN.dir/Core/Src/syscalls.c.obj
                0x08003d62                _fstat
 .text._isatty  0x08003d6c        0x4 CMakeFiles/nucleo-FDCAN.dir/Core/Src/syscalls.c.obj
                0x08003d6c                _isatty
 .text._lseek   0x08003d70        0x4 CMakeFiles/nucleo-FDCAN.dir/Core/Src/syscalls.c.obj
                0x08003d70                _lseek
 .text.Reset_Handler
                0x08003d74       0x54 CMakeFiles/nucleo-FDCAN.dir/startup_stm32h723xx.s.obj
                0x08003d74                Reset_Handler
 .text.Default_Handler
                0x08003dc8        0x2 CMakeFiles/nucleo-FDCAN.dir/startup_stm32h723xx.s.obj
                0x08003dc8                RTC_Alarm_IRQHandler
                0x08003dc8                EXTI2_IRQHandler
                0x08003dc8                TIM8_CC_IRQHandler
                0x08003dc8                UART8_IRQHandler
                0x08003dc8                SPI4_IRQHandler
                0x08003dc8                FDCAN3_IT0_IRQHandler
                0x08003dc8                TIM1_CC_IRQHandler
                0x08003dc8                BDMA_Channel6_IRQHandler
                0x08003dc8                DMA2_Stream5_IRQHandler
                0x08003dc8                DMA1_Stream5_IRQHandler
                0x08003dc8                CORDIC_IRQHandler
                0x08003dc8                BDMA_Channel1_IRQHandler
                0x08003dc8                TAMP_STAMP_IRQHandler
                0x08003dc8                EXTI3_IRQHandler
                0x08003dc8                LPTIM4_IRQHandler
                0x08003dc8                TIM8_TRG_COM_TIM14_IRQHandler
                0x08003dc8                LPTIM2_IRQHandler
                0x08003dc8                DFSDM1_FLT1_IRQHandler
                0x08003dc8                DMAMUX2_OVR_IRQHandler
                0x08003dc8                TIM8_UP_TIM13_IRQHandler
                0x08003dc8                I2C3_ER_IRQHandler
                0x08003dc8                DFSDM1_FLT2_IRQHandler
                0x08003dc8                I2C5_EV_IRQHandler
                0x08003dc8                USART10_IRQHandler
                0x08003dc8                MDMA_IRQHandler
                0x08003dc8                LPTIM3_IRQHandler
                0x08003dc8                HSEM1_IRQHandler
                0x08003dc8                EXTI0_IRQHandler
                0x08003dc8                I2C2_EV_IRQHandler
                0x08003dc8                DMA1_Stream2_IRQHandler
                0x08003dc8                FPU_IRQHandler
                0x08003dc8                OTG_HS_WKUP_IRQHandler
                0x08003dc8                FDCAN1_IT1_IRQHandler
                0x08003dc8                LTDC_ER_IRQHandler
                0x08003dc8                DMA2_Stream2_IRQHandler
                0x08003dc8                SPI1_IRQHandler
                0x08003dc8                OCTOSPI1_IRQHandler
                0x08003dc8                TIM6_DAC_IRQHandler
                0x08003dc8                DMA2_Stream3_IRQHandler
                0x08003dc8                OCTOSPI2_IRQHandler
                0x08003dc8                DFSDM1_FLT3_IRQHandler
                0x08003dc8                TIM23_IRQHandler
                0x08003dc8                USART6_IRQHandler
                0x08003dc8                TIM17_IRQHandler
                0x08003dc8                BDMA_Channel7_IRQHandler
                0x08003dc8                LPTIM5_IRQHandler
                0x08003dc8                UART5_IRQHandler
                0x08003dc8                ADC3_IRQHandler
                0x08003dc8                DMA2_Stream0_IRQHandler
                0x08003dc8                TIM4_IRQHandler
                0x08003dc8                BDMA_Channel2_IRQHandler
                0x08003dc8                I2C1_EV_IRQHandler
                0x08003dc8                DMA1_Stream6_IRQHandler
                0x08003dc8                DMAMUX1_OVR_IRQHandler
                0x08003dc8                DMA1_Stream1_IRQHandler
                0x08003dc8                TIM16_IRQHandler
                0x08003dc8                UART4_IRQHandler
                0x08003dc8                BDMA_Channel5_IRQHandler
                0x08003dc8                TIM3_IRQHandler
                0x08003dc8                RCC_IRQHandler
                0x08003dc8                UART9_IRQHandler
                0x08003dc8                TIM8_BRK_TIM12_IRQHandler
                0x08003dc8                TIM1_TRG_COM_IRQHandler
                0x08003dc8                Default_Handler
                0x08003dc8                ECC_IRQHandler
                0x08003dc8                FMAC_IRQHandler
                0x08003dc8                CEC_IRQHandler
                0x08003dc8                EXTI15_10_IRQHandler
                0x08003dc8                BDMA_Channel0_IRQHandler
                0x08003dc8                ADC_IRQHandler
                0x08003dc8                I2C5_ER_IRQHandler
                0x08003dc8                DMA1_Stream7_IRQHandler
                0x08003dc8                SPI5_IRQHandler
                0x08003dc8                TIM7_IRQHandler
                0x08003dc8                FDCAN3_IT1_IRQHandler
                0x08003dc8                SDMMC1_IRQHandler
                0x08003dc8                TIM5_IRQHandler
                0x08003dc8                DMA2_Stream7_IRQHandler
                0x08003dc8                TIM15_IRQHandler
                0x08003dc8                PVD_AVD_IRQHandler
                0x08003dc8                I2C3_EV_IRQHandler
                0x08003dc8                EXTI9_5_IRQHandler
                0x08003dc8                RTC_WKUP_IRQHandler
                0x08003dc8                LTDC_IRQHandler
                0x08003dc8                ETH_WKUP_IRQHandler
                0x08003dc8                SPDIF_RX_IRQHandler
                0x08003dc8                SPI2_IRQHandler
                0x08003dc8                OTG_HS_EP1_IN_IRQHandler
                0x08003dc8                DMA1_Stream0_IRQHandler
                0x08003dc8                TIM24_IRQHandler
                0x08003dc8                CRS_IRQHandler
                0x08003dc8                EXTI4_IRQHandler
                0x08003dc8                RNG_IRQHandler
                0x08003dc8                FDCAN2_IT1_IRQHandler
                0x08003dc8                ETH_IRQHandler
                0x08003dc8                TIM1_UP_IRQHandler
                0x08003dc8                BDMA_Channel4_IRQHandler
                0x08003dc8                OTG_HS_EP1_OUT_IRQHandler
                0x08003dc8                WWDG_IRQHandler
                0x08003dc8                SPI6_IRQHandler
                0x08003dc8                MDIOS_IRQHandler
                0x08003dc8                I2C4_EV_IRQHandler
                0x08003dc8                FDCAN2_IT0_IRQHandler
                0x08003dc8                LPUART1_IRQHandler
                0x08003dc8                FDCAN1_IT0_IRQHandler
                0x08003dc8                TIM2_IRQHandler
                0x08003dc8                OTG_HS_IRQHandler
                0x08003dc8                DMA2D_IRQHandler
                0x08003dc8                TIM1_BRK_IRQHandler
                0x08003dc8                EXTI1_IRQHandler
                0x08003dc8                SDMMC2_IRQHandler
                0x08003dc8                BDMA_Channel3_IRQHandler
                0x08003dc8                DTS_IRQHandler
                0x08003dc8                UART7_IRQHandler
                0x08003dc8                MDIOS_WKUP_IRQHandler
                0x08003dc8                USART2_IRQHandler
                0x08003dc8                DFSDM1_FLT0_IRQHandler
                0x08003dc8                SAI4_IRQHandler
                0x08003dc8                I2C2_ER_IRQHandler
                0x08003dc8                DMA2_Stream1_IRQHandler
                0x08003dc8                FLASH_IRQHandler
                0x08003dc8                DMA2_Stream4_IRQHandler
                0x08003dc8                USART1_IRQHandler
                0x08003dc8                SPI3_IRQHandler
                0x08003dc8                WAKEUP_PIN_IRQHandler
                0x08003dc8                DMA1_Stream4_IRQHandler
                0x08003dc8                I2C1_ER_IRQHandler
                0x08003dc8                FMC_IRQHandler
                0x08003dc8                FDCAN_CAL_IRQHandler
                0x08003dc8                SWPMI1_IRQHandler
                0x08003dc8                COMP1_IRQHandler
                0x08003dc8                LPTIM1_IRQHandler
                0x08003dc8                DCMI_PSSI_IRQHandler
                0x08003dc8                I2C4_ER_IRQHandler
                0x08003dc8                DMA2_Stream6_IRQHandler
                0x08003dc8                SAI1_IRQHandler
                0x08003dc8                DMA1_Stream3_IRQHandler
 *fill*         0x08003dca        0x2 
 .text.__udivmoddi4
                0x08003dcc      0x2f8 C:/PROGRA~2/ARMGNU~1/14EFD8~1.2RE/bin/../lib/gcc/arm-none-eabi/14.2.1/thumb/v7e-m+dp/hard\libgcc.a(_udivmoddi4.o)
                0x08003dcc                __udivmoddi4
 .text.std      0x080040c4       0x6c C:/PROGRA~2/ARMGNU~1/14EFD8~1.2RE/bin/../lib/gcc/arm-none-eabi/14.2.1/thumb/v7e-m+dp/hard\libg_nano.a(libc_a-findfp.o)
 .text.stdio_exit_handler
                0x08004130       0x18 C:/PROGRA~2/ARMGNU~1/14EFD8~1.2RE/bin/../lib/gcc/arm-none-eabi/14.2.1/thumb/v7e-m+dp/hard\libg_nano.a(libc_a-findfp.o)
 .text.cleanup_stdio
                0x08004148       0x40 C:/PROGRA~2/ARMGNU~1/14EFD8~1.2RE/bin/../lib/gcc/arm-none-eabi/14.2.1/thumb/v7e-m+dp/hard\libg_nano.a(libc_a-findfp.o)
 .text.global_stdio_init.part.0
                0x08004188       0x40 C:/PROGRA~2/ARMGNU~1/14EFD8~1.2RE/bin/../lib/gcc/arm-none-eabi/14.2.1/thumb/v7e-m+dp/hard\libg_nano.a(libc_a-findfp.o)
 .text.__sfp_lock_acquire
                0x080041c8        0xc C:/PROGRA~2/ARMGNU~1/14EFD8~1.2RE/bin/../lib/gcc/arm-none-eabi/14.2.1/thumb/v7e-m+dp/hard\libg_nano.a(libc_a-findfp.o)
                0x080041c8                __sfp_lock_acquire
 .text.__sfp_lock_release
                0x080041d4        0xc C:/PROGRA~2/ARMGNU~1/14EFD8~1.2RE/bin/../lib/gcc/arm-none-eabi/14.2.1/thumb/v7e-m+dp/hard\libg_nano.a(libc_a-findfp.o)
                0x080041d4                __sfp_lock_release
 .text.__sinit  0x080041e0       0x30 C:/PROGRA~2/ARMGNU~1/14EFD8~1.2RE/bin/../lib/gcc/arm-none-eabi/14.2.1/thumb/v7e-m+dp/hard\libg_nano.a(libc_a-findfp.o)
                0x080041e0                __sinit
 .text._fwalk_sglue
                0x08004210       0x3c C:/PROGRA~2/ARMGNU~1/14EFD8~1.2RE/bin/../lib/gcc/arm-none-eabi/14.2.1/thumb/v7e-m+dp/hard\libg_nano.a(libc_a-fwalk.o)
                0x08004210                _fwalk_sglue
 .text.printf   0x0800424c       0x24 C:/PROGRA~2/ARMGNU~1/14EFD8~1.2RE/bin/../lib/gcc/arm-none-eabi/14.2.1/thumb/v7e-m+dp/hard\libg_nano.a(libc_a-printf.o)
                0x0800424c                iprintf
                0x0800424c                printf
 .text._puts_r  0x08004270       0xaa C:/PROGRA~2/ARMGNU~1/14EFD8~1.2RE/bin/../lib/gcc/arm-none-eabi/14.2.1/thumb/v7e-m+dp/hard\libg_nano.a(libc_a-puts.o)
                0x08004270                _puts_r
 *fill*         0x0800431a        0x2 
 .text.puts     0x0800431c       0x10 C:/PROGRA~2/ARMGNU~1/14EFD8~1.2RE/bin/../lib/gcc/arm-none-eabi/14.2.1/thumb/v7e-m+dp/hard\libg_nano.a(libc_a-puts.o)
                0x0800431c                puts
 .text.__sread  0x0800432c       0x22 C:/PROGRA~2/ARMGNU~1/14EFD8~1.2RE/bin/../lib/gcc/arm-none-eabi/14.2.1/thumb/v7e-m+dp/hard\libg_nano.a(libc_a-stdio.o)
                0x0800432c                __sread
 .text.__swrite
                0x0800434e       0x38 C:/PROGRA~2/ARMGNU~1/14EFD8~1.2RE/bin/../lib/gcc/arm-none-eabi/14.2.1/thumb/v7e-m+dp/hard\libg_nano.a(libc_a-stdio.o)
                0x0800434e                __swrite
 .text.__sseek  0x08004386       0x26 C:/PROGRA~2/ARMGNU~1/14EFD8~1.2RE/bin/../lib/gcc/arm-none-eabi/14.2.1/thumb/v7e-m+dp/hard\libg_nano.a(libc_a-stdio.o)
                0x08004386                __sseek
 .text.__sclose
                0x080043ac        0x8 C:/PROGRA~2/ARMGNU~1/14EFD8~1.2RE/bin/../lib/gcc/arm-none-eabi/14.2.1/thumb/v7e-m+dp/hard\libg_nano.a(libc_a-stdio.o)
                0x080043ac                __sclose
 .text.__swbuf_r
                0x080043b4       0x7c C:/PROGRA~2/ARMGNU~1/14EFD8~1.2RE/bin/../lib/gcc/arm-none-eabi/14.2.1/thumb/v7e-m+dp/hard\libg_nano.a(libc_a-wbuf.o)
                0x080043b4                __swbuf_r
 .text.__swsetup_r
                0x08004430       0xa8 C:/PROGRA~2/ARMGNU~1/14EFD8~1.2RE/bin/../lib/gcc/arm-none-eabi/14.2.1/thumb/v7e-m+dp/hard\libg_nano.a(libc_a-wsetup.o)
                0x08004430                __swsetup_r
 .text.memset   0x080044d8       0x10 C:/PROGRA~2/ARMGNU~1/14EFD8~1.2RE/bin/../lib/gcc/arm-none-eabi/14.2.1/thumb/v7e-m+dp/hard\libg_nano.a(libc_a-memset.o)
                0x080044d8                memset
 .text._close_r
                0x080044e8       0x20 C:/PROGRA~2/ARMGNU~1/14EFD8~1.2RE/bin/../lib/gcc/arm-none-eabi/14.2.1/thumb/v7e-m+dp/hard\libg_nano.a(libc_a-closer.o)
                0x080044e8                _close_r
 .text._lseek_r
                0x08004508       0x24 C:/PROGRA~2/ARMGNU~1/14EFD8~1.2RE/bin/../lib/gcc/arm-none-eabi/14.2.1/thumb/v7e-m+dp/hard\libg_nano.a(libc_a-lseekr.o)
                0x08004508                _lseek_r
 .text._read_r  0x0800452c       0x24 C:/PROGRA~2/ARMGNU~1/14EFD8~1.2RE/bin/../lib/gcc/arm-none-eabi/14.2.1/thumb/v7e-m+dp/hard\libg_nano.a(libc_a-readr.o)
                0x0800452c                _read_r
 .text._write_r
                0x08004550       0x24 C:/PROGRA~2/ARMGNU~1/14EFD8~1.2RE/bin/../lib/gcc/arm-none-eabi/14.2.1/thumb/v7e-m+dp/hard\libg_nano.a(libc_a-writer.o)
                0x08004550                _write_r
 .text.__errno  0x08004574        0xc C:/PROGRA~2/ARMGNU~1/14EFD8~1.2RE/bin/../lib/gcc/arm-none-eabi/14.2.1/thumb/v7e-m+dp/hard\libg_nano.a(libc_a-errno.o)
                0x08004574                __errno
 .text.__libc_init_array
                0x08004580       0x48 C:/PROGRA~2/ARMGNU~1/14EFD8~1.2RE/bin/../lib/gcc/arm-none-eabi/14.2.1/thumb/v7e-m+dp/hard\libg_nano.a(libc_a-init.o)
                0x08004580                __libc_init_array
 .text.__retarget_lock_init_recursive
                0x080045c8        0x2 C:/PROGRA~2/ARMGNU~1/14EFD8~1.2RE/bin/../lib/gcc/arm-none-eabi/14.2.1/thumb/v7e-m+dp/hard\libg_nano.a(libc_a-lock.o)
                0x080045c8                __retarget_lock_init_recursive
 .text.__retarget_lock_acquire_recursive
                0x080045ca        0x2 C:/PROGRA~2/ARMGNU~1/14EFD8~1.2RE/bin/../lib/gcc/arm-none-eabi/14.2.1/thumb/v7e-m+dp/hard\libg_nano.a(libc_a-lock.o)
                0x080045ca                __retarget_lock_acquire_recursive
 .text.__retarget_lock_release_recursive
                0x080045cc        0x2 C:/PROGRA~2/ARMGNU~1/14EFD8~1.2RE/bin/../lib/gcc/arm-none-eabi/14.2.1/thumb/v7e-m+dp/hard\libg_nano.a(libc_a-lock.o)
                0x080045cc                __retarget_lock_release_recursive
 .text.memcpy   0x080045ce       0x1c C:/PROGRA~2/ARMGNU~1/14EFD8~1.2RE/bin/../lib/gcc/arm-none-eabi/14.2.1/thumb/v7e-m+dp/hard\libg_nano.a(libc_a-memcpy-stub.o)
                0x080045ce                memcpy
 *fill*         0x080045ea        0x2 
 .text._free_r  0x080045ec       0x94 C:/PROGRA~2/ARMGNU~1/14EFD8~1.2RE/bin/../lib/gcc/arm-none-eabi/14.2.1/thumb/v7e-m+dp/hard\libg_nano.a(libc_a-freer.o)
                0x080045ec                _free_r
 .text.sbrk_aligned
                0x08004680       0x44 C:/PROGRA~2/ARMGNU~1/14EFD8~1.2RE/bin/../lib/gcc/arm-none-eabi/14.2.1/thumb/v7e-m+dp/hard\libg_nano.a(libc_a-mallocr.o)
 .text._malloc_r
                0x080046c4      0x100 C:/PROGRA~2/ARMGNU~1/14EFD8~1.2RE/bin/../lib/gcc/arm-none-eabi/14.2.1/thumb/v7e-m+dp/hard\libg_nano.a(libc_a-mallocr.o)
                0x080046c4                _malloc_r
 .text.__malloc_lock
                0x080047c4        0xc C:/PROGRA~2/ARMGNU~1/14EFD8~1.2RE/bin/../lib/gcc/arm-none-eabi/14.2.1/thumb/v7e-m+dp/hard\libg_nano.a(libc_a-mlock.o)
                0x080047c4                __malloc_lock
 .text.__malloc_unlock
                0x080047d0        0xc C:/PROGRA~2/ARMGNU~1/14EFD8~1.2RE/bin/../lib/gcc/arm-none-eabi/14.2.1/thumb/v7e-m+dp/hard\libg_nano.a(libc_a-mlock.o)
                0x080047d0                __malloc_unlock
 .text.__sfputc_r
                0x080047dc       0x2e C:/PROGRA~2/ARMGNU~1/14EFD8~1.2RE/bin/../lib/gcc/arm-none-eabi/14.2.1/thumb/v7e-m+dp/hard\libg_nano.a(libc_a-nano-vfprintf.o)
 .text.__sfputs_r
                0x0800480a       0x24 C:/PROGRA~2/ARMGNU~1/14EFD8~1.2RE/bin/../lib/gcc/arm-none-eabi/14.2.1/thumb/v7e-m+dp/hard\libg_nano.a(libc_a-nano-vfprintf.o)
                0x0800480a                __sfputs_r
 *fill*         0x0800482e        0x2 
 .text._vfprintf_r
                0x08004830      0x230 C:/PROGRA~2/ARMGNU~1/14EFD8~1.2RE/bin/../lib/gcc/arm-none-eabi/14.2.1/thumb/v7e-m+dp/hard\libg_nano.a(libc_a-nano-vfprintf.o)
                0x08004830                _vfprintf_r
                0x08004830                _vfiprintf_r
 .text._printf_common
                0x08004a60       0xda C:/PROGRA~2/ARMGNU~1/14EFD8~1.2RE/bin/../lib/gcc/arm-none-eabi/14.2.1/thumb/v7e-m+dp/hard\libg_nano.a(libc_a-nano-vfprintf_i.o)
                0x08004a60                _printf_common
 *fill*         0x08004b3a        0x2 
 .text._printf_i
                0x08004b3c      0x240 C:/PROGRA~2/ARMGNU~1/14EFD8~1.2RE/bin/../lib/gcc/arm-none-eabi/14.2.1/thumb/v7e-m+dp/hard\libg_nano.a(libc_a-nano-vfprintf_i.o)
                0x08004b3c                _printf_i
 .text.__sflush_r
                0x08004d7c      0x104 C:/PROGRA~2/ARMGNU~1/14EFD8~1.2RE/bin/../lib/gcc/arm-none-eabi/14.2.1/thumb/v7e-m+dp/hard\libg_nano.a(libc_a-fflush.o)
                0x08004d7c                __sflush_r
 .text._fflush_r
                0x08004e80       0x50 C:/PROGRA~2/ARMGNU~1/14EFD8~1.2RE/bin/../lib/gcc/arm-none-eabi/14.2.1/thumb/v7e-m+dp/hard\libg_nano.a(libc_a-fflush.o)
                0x08004e80                _fflush_r
 .text.__swhatbuf_r
                0x08004ed0       0x48 C:/PROGRA~2/ARMGNU~1/14EFD8~1.2RE/bin/../lib/gcc/arm-none-eabi/14.2.1/thumb/v7e-m+dp/hard\libg_nano.a(libc_a-makebuf.o)
                0x08004ed0                __swhatbuf_r
 .text.__smakebuf_r
                0x08004f18       0x72 C:/PROGRA~2/ARMGNU~1/14EFD8~1.2RE/bin/../lib/gcc/arm-none-eabi/14.2.1/thumb/v7e-m+dp/hard\libg_nano.a(libc_a-makebuf.o)
                0x08004f18                __smakebuf_r
 *fill*         0x08004f8a        0x2 
 .text._fstat_r
                0x08004f8c       0x24 C:/PROGRA~2/ARMGNU~1/14EFD8~1.2RE/bin/../lib/gcc/arm-none-eabi/14.2.1/thumb/v7e-m+dp/hard\libg_nano.a(libc_a-fstatr.o)
                0x08004f8c                _fstat_r
 .text._isatty_r
                0x08004fb0       0x20 C:/PROGRA~2/ARMGNU~1/14EFD8~1.2RE/bin/../lib/gcc/arm-none-eabi/14.2.1/thumb/v7e-m+dp/hard\libg_nano.a(libc_a-isattyr.o)
                0x08004fb0                _isatty_r
 .text._sbrk_r  0x08004fd0       0x20 C:/PROGRA~2/ARMGNU~1/14EFD8~1.2RE/bin/../lib/gcc/arm-none-eabi/14.2.1/thumb/v7e-m+dp/hard\libg_nano.a(libc_a-sbrkr.o)
                0x08004fd0                _sbrk_r
 *(.glue_7)
 .glue_7        0x08004ff0        0x0 linker stubs
 *(.glue_7t)
 .glue_7t       0x08004ff0        0x0 linker stubs
 *(.eh_frame)
 .eh_frame      0x08004ff0        0x0 C:/PROGRA~2/ARMGNU~1/14EFD8~1.2RE/bin/../lib/gcc/arm-none-eabi/14.2.1/thumb/v7e-m+dp/hard/crtbegin.o
 *(.init)
 .init          0x08004ff0        0x4 C:/PROGRA~2/ARMGNU~1/14EFD8~1.2RE/bin/../lib/gcc/arm-none-eabi/14.2.1/thumb/v7e-m+dp/hard/crti.o
                0x08004ff0                _init
 .init          0x08004ff4        0x8 C:/PROGRA~2/ARMGNU~1/14EFD8~1.2RE/bin/../lib/gcc/arm-none-eabi/14.2.1/thumb/v7e-m+dp/hard/crtn.o
 *(.fini)
 .fini          0x08004ffc        0x4 C:/PROGRA~2/ARMGNU~1/14EFD8~1.2RE/bin/../lib/gcc/arm-none-eabi/14.2.1/thumb/v7e-m+dp/hard/crti.o
                0x08004ffc                _fini
 .fini          0x08005000        0x8 C:/PROGRA~2/ARMGNU~1/14EFD8~1.2RE/bin/../lib/gcc/arm-none-eabi/14.2.1/thumb/v7e-m+dp/hard/crtn.o
                0x08005008                        . = ALIGN (0x4)
                0x08005008                        _etext = .

.vfp11_veneer   0x08005008        0x0
 .vfp11_veneer  0x08005008        0x0 linker stubs

.v4_bx          0x08005008        0x0
 .v4_bx         0x08005008        0x0 linker stubs

.iplt           0x08005008        0x0
 .iplt          0x08005008        0x0 C:/PROGRA~2/ARMGNU~1/14EFD8~1.2RE/bin/../lib/gcc/arm-none-eabi/14.2.1/thumb/v7e-m+dp/hard/crtbegin.o

.rodata         0x08005008      0x364
                0x08005008                        . = ALIGN (0x4)
 *(.rodata)
 .rodata        0x08005008       0x4c cmake/stm32cubemx/CMakeFiles/STM32_Drivers.dir/__/__/Drivers/STM32H7xx_HAL_Driver/Src/stm32h7xx_hal_fdcan.c.obj
 *(.rodata*)
 .rodata.D1CorePrescTable
                0x08005054       0x10 cmake/stm32cubemx/CMakeFiles/STM32_Drivers.dir/__/__/Core/Src/system_stm32h7xx.c.obj
                0x08005054                D1CorePrescTable
 .rodata.DLCtoBytes
                0x08005064       0x10 cmake/stm32cubemx/CMakeFiles/STM32_Drivers.dir/__/__/Drivers/STM32H7xx_HAL_Driver/Src/stm32h7xx_hal_fdcan.c.obj
 .rodata.UARTPrescTable
                0x08005074       0x18 cmake/stm32cubemx/CMakeFiles/STM32_Drivers.dir/__/__/Drivers/STM32H7xx_HAL_Driver/Src/stm32h7xx_hal_uart.c.obj
                0x08005074                UARTPrescTable
 .rodata.denominator.0
                0x0800508c        0x8 cmake/stm32cubemx/CMakeFiles/STM32_Drivers.dir/__/__/Drivers/STM32H7xx_HAL_Driver/Src/stm32h7xx_hal_uart_ex.c.obj
 .rodata.numerator.1
                0x08005094        0x8 cmake/stm32cubemx/CMakeFiles/STM32_Drivers.dir/__/__/Drivers/STM32H7xx_HAL_Driver/Src/stm32h7xx_hal_uart_ex.c.obj
 .rodata.get_fdcan_error_string.str1.1
                0x0800509c      0x2cd CMakeFiles/nucleo-FDCAN.dir/Core/Src/main.c.obj
                                0x16a (size before relaxing)
 .rodata.main.str1.1
                0x08005369      0x130 CMakeFiles/nucleo-FDCAN.dir/Core/Src/main.c.obj
 .rodata._vfprintf_r.str1.1
                0x08005369       0x11 C:/PROGRA~2/ARMGNU~1/14EFD8~1.2RE/bin/../lib/gcc/arm-none-eabi/14.2.1/thumb/v7e-m+dp/hard\libg_nano.a(libc_a-nano-vfprintf.o)
 .rodata._printf_i.str1.1
                0x08005369       0x22 C:/PROGRA~2/ARMGNU~1/14EFD8~1.2RE/bin/../lib/gcc/arm-none-eabi/14.2.1/thumb/v7e-m+dp/hard\libg_nano.a(libc_a-nano-vfprintf_i.o)
                0x0800549c                        . = ALIGN (0x4)
 *fill*         0x08005369        0x3 

.ARM.extab      0x0800536c        0x0
                0x0800536c                        . = ALIGN (0x4)
 *(.ARM.extab* .gnu.linkonce.armextab.*)
                0x0800536c                        . = ALIGN (0x4)

.ARM            0x0800536c        0x8
                0x0800536c                        . = ALIGN (0x4)
                0x0800536c                        __exidx_start = .
 *(.ARM.exidx*)
 .ARM.exidx     0x0800536c        0x8 C:/PROGRA~2/ARMGNU~1/14EFD8~1.2RE/bin/../lib/gcc/arm-none-eabi/14.2.1/thumb/v7e-m+dp/hard\libg_nano.a(libc_a-memchr.o)
 .ARM.exidx.text.__udivmoddi4
                0x08005374        0x0 C:/PROGRA~2/ARMGNU~1/14EFD8~1.2RE/bin/../lib/gcc/arm-none-eabi/14.2.1/thumb/v7e-m+dp/hard\libgcc.a(_udivmoddi4.o)
                                  0x8 (size before relaxing)
                0x08005374                        __exidx_end = .
                0x08005374                        . = ALIGN (0x4)

.preinit_array  0x08005374        0x0
                0x08005374                        . = ALIGN (0x4)
                0x08005374                        PROVIDE (__preinit_array_start = .)
 *(.preinit_array*)
                0x08005374                        PROVIDE (__preinit_array_end = .)
                0x08005374                        . = ALIGN (0x4)

.init_array     0x08005374        0x4
                0x08005374                        . = ALIGN (0x4)
                0x08005374                        PROVIDE (__init_array_start = .)
 *(SORT_BY_NAME(.init_array.*))
 *(.init_array*)
 .init_array    0x08005374        0x4 C:/PROGRA~2/ARMGNU~1/14EFD8~1.2RE/bin/../lib/gcc/arm-none-eabi/14.2.1/thumb/v7e-m+dp/hard/crtbegin.o
                0x08005378                        PROVIDE (__init_array_end = .)
                0x08005378                        . = ALIGN (0x4)

.fini_array     0x08005378        0x4
                0x08005378                        . = ALIGN (0x4)
                [!provide]                        PROVIDE (__fini_array_start = .)
 *(SORT_BY_NAME(.fini_array.*))
 *(.fini_array*)
 .fini_array    0x08005378        0x4 C:/PROGRA~2/ARMGNU~1/14EFD8~1.2RE/bin/../lib/gcc/arm-none-eabi/14.2.1/thumb/v7e-m+dp/hard/crtbegin.o
                [!provide]                        PROVIDE (__fini_array_end = .)
                0x0800537c                        . = ALIGN (0x4)
                0x0800537c                        _sidata = LOADADDR (.data)

.rel.dyn        0x0800537c        0x0
 .rel.iplt      0x0800537c        0x0 C:/PROGRA~2/ARMGNU~1/14EFD8~1.2RE/bin/../lib/gcc/arm-none-eabi/14.2.1/thumb/v7e-m+dp/hard/crtbegin.o

.data           0x20000000       0x78 load address 0x0800537c
                0x20000000                        . = ALIGN (0x4)
                0x20000000                        _sdata = .
 *(.data)
 *(.data*)
 .data.SystemD2Clock
                0x20000000        0x4 cmake/stm32cubemx/CMakeFiles/STM32_Drivers.dir/__/__/Core/Src/system_stm32h7xx.c.obj
                0x20000000                SystemD2Clock
 .data.SystemCoreClock
                0x20000004        0x4 cmake/stm32cubemx/CMakeFiles/STM32_Drivers.dir/__/__/Core/Src/system_stm32h7xx.c.obj
                0x20000004                SystemCoreClock
 .data.uwTickFreq
                0x20000008        0x1 cmake/stm32cubemx/CMakeFiles/STM32_Drivers.dir/__/__/Drivers/STM32H7xx_HAL_Driver/Src/stm32h7xx_hal.c.obj
                0x20000008                uwTickFreq
 *fill*         0x20000009        0x3 
 .data.uwTickPrio
                0x2000000c        0x4 cmake/stm32cubemx/CMakeFiles/STM32_Drivers.dir/__/__/Drivers/STM32H7xx_HAL_Driver/Src/stm32h7xx_hal.c.obj
                0x2000000c                uwTickPrio
 .data.TxData   0x20000010        0x9 CMakeFiles/nucleo-FDCAN.dir/Core/Src/main.c.obj
                0x20000010                TxData
 *fill*         0x20000019        0x3 
 .data.__sglue  0x2000001c        0xc C:/PROGRA~2/ARMGNU~1/14EFD8~1.2RE/bin/../lib/gcc/arm-none-eabi/14.2.1/thumb/v7e-m+dp/hard\libg_nano.a(libc_a-findfp.o)
                0x2000001c                __sglue
 .data._impure_ptr
                0x20000028        0x4 C:/PROGRA~2/ARMGNU~1/14EFD8~1.2RE/bin/../lib/gcc/arm-none-eabi/14.2.1/thumb/v7e-m+dp/hard\libg_nano.a(libc_a-impure.o)
                0x20000028                _impure_ptr
 .data._impure_data
                0x2000002c       0x4c C:/PROGRA~2/ARMGNU~1/14EFD8~1.2RE/bin/../lib/gcc/arm-none-eabi/14.2.1/thumb/v7e-m+dp/hard\libg_nano.a(libc_a-impure.o)
                0x2000002c                _impure_data
 *(.RamFunc)
 *(.RamFunc*)
                0x20000078                        . = ALIGN (0x4)

.tm_clone_table
                0x20000078        0x0 load address 0x080053f4
 .tm_clone_table
                0x20000078        0x0 C:/PROGRA~2/ARMGNU~1/14EFD8~1.2RE/bin/../lib/gcc/arm-none-eabi/14.2.1/thumb/v7e-m+dp/hard/crtbegin.o
 .tm_clone_table
                0x20000078        0x0 C:/PROGRA~2/ARMGNU~1/14EFD8~1.2RE/bin/../lib/gcc/arm-none-eabi/14.2.1/thumb/v7e-m+dp/hard/crtend.o

.igot.plt       0x20000078        0x0 load address 0x080053f4
 .igot.plt      0x20000078        0x0 C:/PROGRA~2/ARMGNU~1/14EFD8~1.2RE/bin/../lib/gcc/arm-none-eabi/14.2.1/thumb/v7e-m+dp/hard/crtbegin.o

.tdata          0x20000078        0x0 load address 0x080053f4
 *(.tdata .tdata.* .gnu.linkonce.td.*)
                0x20000078                        . = ALIGN (0x4)
                0x20000078                        _edata = .
                [!provide]                        PROVIDE (__data_end = .)
                [!provide]                        PROVIDE (__tdata_end = .)
                [!provide]                        PROVIDE (__tdata_start = ADDR (.tdata))
                [!provide]                        PROVIDE (__tdata_size = (__tdata_end - __tdata_start))
                [!provide]                        PROVIDE (__data_start = ADDR (.data))
                [!provide]                        PROVIDE (__data_size = (__data_end - __data_start))
                [!provide]                        PROVIDE (__tdata_source = LOADADDR (.tdata))
                [!provide]                        PROVIDE (__tdata_source_end = (LOADADDR (.tdata) + SIZEOF (.tdata)))
                [!provide]                        PROVIDE (__tdata_source_size = (__tdata_source_end - __tdata_source))
                [!provide]                        PROVIDE (__data_source = LOADADDR (.data))
                [!provide]                        PROVIDE (__data_source_end = __tdata_source_end)
                [!provide]                        PROVIDE (__data_source_size = (__data_source_end - __data_source))

.tbss           0x20000078        0x0 load address 0x080053f4
                0x20000078                        _sbss = .
                0x20000078                        __bss_start__ = _sbss
 *(.tbss .tbss.*)
                0x20000078                        . = ALIGN (0x4)
                [!provide]                        PROVIDE (__tbss_end = .)
                [!provide]                        PROVIDE (__tbss_start = ADDR (.tbss))
                [!provide]                        PROVIDE (__tbss_size = (__tbss_end - __tbss_start))
                [!provide]                        PROVIDE (__tbss_offset = (ADDR (.tbss) - ADDR (.tdata)))
                [!provide]                        PROVIDE (__tls_base = __tdata_start)
                [!provide]                        PROVIDE (__tls_end = __tbss_end)
                [!provide]                        PROVIDE (__tls_size = (__tls_end - __tls_base))
                [!provide]                        PROVIDE (__tls_align = MAX (ALIGNOF (.tdata), ALIGNOF (.tbss)))
                [!provide]                        PROVIDE (__tls_size_align = (((__tls_size + __tls_align) - 0x1) & ~ ((__tls_align - 0x1))))
                [!provide]                        PROVIDE (__arm32_tls_tcb_offset = MAX (0x8, __tls_align))
                [!provide]                        PROVIDE (__arm64_tls_tcb_offset = MAX (0x10, __tls_align))

.bss            0x20000078      0x39c load address 0x080053f4
 *(.bss)
 *(.bss*)
 .bss.completed.1
                0x20000078        0x1 C:/PROGRA~2/ARMGNU~1/14EFD8~1.2RE/bin/../lib/gcc/arm-none-eabi/14.2.1/thumb/v7e-m+dp/hard/crtbegin.o
 *fill*         0x20000079        0x3 
 .bss.object.0  0x2000007c       0x18 C:/PROGRA~2/ARMGNU~1/14EFD8~1.2RE/bin/../lib/gcc/arm-none-eabi/14.2.1/thumb/v7e-m+dp/hard/crtbegin.o
 .bss.uwTick    0x20000094        0x4 cmake/stm32cubemx/CMakeFiles/STM32_Drivers.dir/__/__/Drivers/STM32H7xx_HAL_Driver/Src/stm32h7xx_hal.c.obj
                0x20000094                uwTick
 .bss.RxData    0x20000098        0x8 CMakeFiles/nucleo-FDCAN.dir/Core/Src/main.c.obj
                0x20000098                RxData
 .bss.RxHeader  0x200000a0       0x28 CMakeFiles/nucleo-FDCAN.dir/Core/Src/main.c.obj
                0x200000a0                RxHeader
 .bss.TxHeader  0x200000c8       0x24 CMakeFiles/nucleo-FDCAN.dir/Core/Src/main.c.obj
                0x200000c8                TxHeader
 .bss.huart3    0x200000ec       0x94 CMakeFiles/nucleo-FDCAN.dir/Core/Src/main.c.obj
                0x200000ec                huart3
 .bss.hfdcan2   0x20000180       0xa0 CMakeFiles/nucleo-FDCAN.dir/Core/Src/main.c.obj
                0x20000180                hfdcan2
 .bss.hfdcan1   0x20000220       0xa0 CMakeFiles/nucleo-FDCAN.dir/Core/Src/main.c.obj
                0x20000220                hfdcan1
 .bss.HAL_RCC_FDCAN_CLK_ENABLED
                0x200002c0        0x4 CMakeFiles/nucleo-FDCAN.dir/Core/Src/stm32h7xx_hal_msp.c.obj
 .bss.__sbrk_heap_end
                0x200002c4        0x4 CMakeFiles/nucleo-FDCAN.dir/Core/Src/sysmem.c.obj
 .bss.__sf      0x200002c8      0x138 C:/PROGRA~2/ARMGNU~1/14EFD8~1.2RE/bin/../lib/gcc/arm-none-eabi/14.2.1/thumb/v7e-m+dp/hard\libg_nano.a(libc_a-findfp.o)
                0x200002c8                __sf
 .bss.__stdio_exit_handler
                0x20000400        0x4 C:/PROGRA~2/ARMGNU~1/14EFD8~1.2RE/bin/../lib/gcc/arm-none-eabi/14.2.1/thumb/v7e-m+dp/hard\libg_nano.a(libc_a-findfp.o)
                0x20000400                __stdio_exit_handler
 .bss.errno     0x20000404        0x4 C:/PROGRA~2/ARMGNU~1/14EFD8~1.2RE/bin/../lib/gcc/arm-none-eabi/14.2.1/thumb/v7e-m+dp/hard\libg_nano.a(libc_a-reent.o)
                0x20000404                errno
 .bss.__lock___malloc_recursive_mutex
                0x20000408        0x1 C:/PROGRA~2/ARMGNU~1/14EFD8~1.2RE/bin/../lib/gcc/arm-none-eabi/14.2.1/thumb/v7e-m+dp/hard\libg_nano.a(libc_a-lock.o)
                0x20000408                __lock___malloc_recursive_mutex
 .bss.__lock___sfp_recursive_mutex
                0x20000409        0x1 C:/PROGRA~2/ARMGNU~1/14EFD8~1.2RE/bin/../lib/gcc/arm-none-eabi/14.2.1/thumb/v7e-m+dp/hard\libg_nano.a(libc_a-lock.o)
                0x20000409                __lock___sfp_recursive_mutex
 *fill*         0x2000040a        0x2 
 .bss.__malloc_sbrk_start
                0x2000040c        0x4 C:/PROGRA~2/ARMGNU~1/14EFD8~1.2RE/bin/../lib/gcc/arm-none-eabi/14.2.1/thumb/v7e-m+dp/hard\libg_nano.a(libc_a-mallocr.o)
                0x2000040c                __malloc_sbrk_start
 .bss.__malloc_free_list
                0x20000410        0x4 C:/PROGRA~2/ARMGNU~1/14EFD8~1.2RE/bin/../lib/gcc/arm-none-eabi/14.2.1/thumb/v7e-m+dp/hard\libg_nano.a(libc_a-mallocr.o)
                0x20000410                __malloc_free_list
 *(COMMON)
                0x20000414                        . = ALIGN (0x4)
                0x20000414                        _ebss = .
                0x20000414                        __bss_end__ = _ebss
                [!provide]                        PROVIDE (__bss_end = .)
                [!provide]                        PROVIDE (__non_tls_bss_start = ADDR (.bss))
                [!provide]                        PROVIDE (__bss_start = __tbss_start)
                [!provide]                        PROVIDE (__bss_size = (__bss_end - __bss_start))

._user_heap_stack
                0x20000414      0x604 load address 0x080053f4
                0x20000418                        . = ALIGN (0x8)
 *fill*         0x20000414        0x4 
                [!provide]                        PROVIDE (end = .)
                0x20000418                        PROVIDE (_end = .)
                0x20000618                        . = (. + _Min_Heap_Size)
 *fill*         0x20000418      0x200 
                0x20000a18                        . = (. + _Min_Stack_Size)
 *fill*         0x20000618      0x400 
                0x20000a18                        . = ALIGN (0x8)

/DISCARD/
 libc.a:*(*)
 libm.a:*(*)
 libgcc.a:*(*)
OUTPUT(nucleo-FDCAN.elf elf32-littlearm)
LOAD linker stubs

.ARM.attributes
                0x00000000       0x2e
 .ARM.attributes
                0x00000000       0x20 C:/PROGRA~2/ARMGNU~1/14EFD8~1.2RE/bin/../lib/gcc/arm-none-eabi/14.2.1/thumb/v7e-m+dp/hard/crti.o
 .ARM.attributes
                0x00000020       0x32 C:/PROGRA~2/ARMGNU~1/14EFD8~1.2RE/bin/../lib/gcc/arm-none-eabi/14.2.1/thumb/v7e-m+dp/hard/crtbegin.o
 .ARM.attributes
                0x00000052       0x32 cmake/stm32cubemx/CMakeFiles/STM32_Drivers.dir/__/__/Core/Src/system_stm32h7xx.c.obj
 .ARM.attributes
                0x00000084       0x32 cmake/stm32cubemx/CMakeFiles/STM32_Drivers.dir/__/__/Drivers/STM32H7xx_HAL_Driver/Src/stm32h7xx_hal_cortex.c.obj
 .ARM.attributes
                0x000000b6       0x32 cmake/stm32cubemx/CMakeFiles/STM32_Drivers.dir/__/__/Drivers/STM32H7xx_HAL_Driver/Src/stm32h7xx_hal_fdcan.c.obj
 .ARM.attributes
                0x000000e8       0x32 cmake/stm32cubemx/CMakeFiles/STM32_Drivers.dir/__/__/Drivers/STM32H7xx_HAL_Driver/Src/stm32h7xx_hal_rcc.c.obj
 .ARM.attributes
                0x0000011a       0x32 cmake/stm32cubemx/CMakeFiles/STM32_Drivers.dir/__/__/Drivers/STM32H7xx_HAL_Driver/Src/stm32h7xx_hal_rcc_ex.c.obj
 .ARM.attributes
                0x0000014c       0x32 cmake/stm32cubemx/CMakeFiles/STM32_Drivers.dir/__/__/Drivers/STM32H7xx_HAL_Driver/Src/stm32h7xx_hal_gpio.c.obj
 .ARM.attributes
                0x0000017e       0x32 cmake/stm32cubemx/CMakeFiles/STM32_Drivers.dir/__/__/Drivers/STM32H7xx_HAL_Driver/Src/stm32h7xx_hal_dma.c.obj
 .ARM.attributes
                0x000001b0       0x32 cmake/stm32cubemx/CMakeFiles/STM32_Drivers.dir/__/__/Drivers/STM32H7xx_HAL_Driver/Src/stm32h7xx_hal_pwr_ex.c.obj
 .ARM.attributes
                0x000001e2       0x32 cmake/stm32cubemx/CMakeFiles/STM32_Drivers.dir/__/__/Drivers/STM32H7xx_HAL_Driver/Src/stm32h7xx_hal.c.obj
 .ARM.attributes
                0x00000214       0x32 cmake/stm32cubemx/CMakeFiles/STM32_Drivers.dir/__/__/Drivers/STM32H7xx_HAL_Driver/Src/stm32h7xx_hal_uart.c.obj
 .ARM.attributes
                0x00000246       0x32 cmake/stm32cubemx/CMakeFiles/STM32_Drivers.dir/__/__/Drivers/STM32H7xx_HAL_Driver/Src/stm32h7xx_hal_uart_ex.c.obj
 .ARM.attributes
                0x00000278       0x32 CMakeFiles/nucleo-FDCAN.dir/Core/Src/main.c.obj
 .ARM.attributes
                0x000002aa       0x32 CMakeFiles/nucleo-FDCAN.dir/Core/Src/stm32h7xx_it.c.obj
 .ARM.attributes
                0x000002dc       0x32 CMakeFiles/nucleo-FDCAN.dir/Core/Src/stm32h7xx_hal_msp.c.obj
 .ARM.attributes
                0x0000030e       0x32 CMakeFiles/nucleo-FDCAN.dir/Core/Src/sysmem.c.obj
 .ARM.attributes
                0x00000340       0x32 CMakeFiles/nucleo-FDCAN.dir/Core/Src/syscalls.c.obj
 .ARM.attributes
                0x00000372       0x21 CMakeFiles/nucleo-FDCAN.dir/startup_stm32h723xx.s.obj
 .ARM.attributes
                0x00000393       0x20 C:/PROGRA~2/ARMGNU~1/14EFD8~1.2RE/bin/../lib/gcc/arm-none-eabi/14.2.1/thumb/v7e-m+dp/hard\libgcc.a(_aeabi_uldivmod.o)
 .ARM.attributes
                0x000003b3       0x32 C:/PROGRA~2/ARMGNU~1/14EFD8~1.2RE/bin/../lib/gcc/arm-none-eabi/14.2.1/thumb/v7e-m+dp/hard\libgcc.a(_udivmoddi4.o)
 .ARM.attributes
                0x000003e5       0x20 C:/PROGRA~2/ARMGNU~1/14EFD8~1.2RE/bin/../lib/gcc/arm-none-eabi/14.2.1/thumb/v7e-m+dp/hard\libgcc.a(_dvmd_tls.o)
 .ARM.attributes
                0x00000405       0x32 C:/PROGRA~2/ARMGNU~1/14EFD8~1.2RE/bin/../lib/gcc/arm-none-eabi/14.2.1/thumb/v7e-m+dp/hard\libg_nano.a(libc_a-findfp.o)
 .ARM.attributes
                0x00000437       0x32 C:/PROGRA~2/ARMGNU~1/14EFD8~1.2RE/bin/../lib/gcc/arm-none-eabi/14.2.1/thumb/v7e-m+dp/hard\libg_nano.a(libc_a-fwalk.o)
 .ARM.attributes
                0x00000469       0x32 C:/PROGRA~2/ARMGNU~1/14EFD8~1.2RE/bin/../lib/gcc/arm-none-eabi/14.2.1/thumb/v7e-m+dp/hard\libg_nano.a(libc_a-printf.o)
 .ARM.attributes
                0x0000049b       0x32 C:/PROGRA~2/ARMGNU~1/14EFD8~1.2RE/bin/../lib/gcc/arm-none-eabi/14.2.1/thumb/v7e-m+dp/hard\libg_nano.a(libc_a-puts.o)
 .ARM.attributes
                0x000004cd       0x32 C:/PROGRA~2/ARMGNU~1/14EFD8~1.2RE/bin/../lib/gcc/arm-none-eabi/14.2.1/thumb/v7e-m+dp/hard\libg_nano.a(libc_a-stdio.o)
 .ARM.attributes
                0x000004ff       0x32 C:/PROGRA~2/ARMGNU~1/14EFD8~1.2RE/bin/../lib/gcc/arm-none-eabi/14.2.1/thumb/v7e-m+dp/hard\libg_nano.a(libc_a-wbuf.o)
 .ARM.attributes
                0x00000531       0x32 C:/PROGRA~2/ARMGNU~1/14EFD8~1.2RE/bin/../lib/gcc/arm-none-eabi/14.2.1/thumb/v7e-m+dp/hard\libg_nano.a(libc_a-wsetup.o)
 .ARM.attributes
                0x00000563       0x32 C:/PROGRA~2/ARMGNU~1/14EFD8~1.2RE/bin/../lib/gcc/arm-none-eabi/14.2.1/thumb/v7e-m+dp/hard\libg_nano.a(libc_a-memset.o)
 .ARM.attributes
                0x00000595       0x32 C:/PROGRA~2/ARMGNU~1/14EFD8~1.2RE/bin/../lib/gcc/arm-none-eabi/14.2.1/thumb/v7e-m+dp/hard\libg_nano.a(libc_a-closer.o)
 .ARM.attributes
                0x000005c7       0x32 C:/PROGRA~2/ARMGNU~1/14EFD8~1.2RE/bin/../lib/gcc/arm-none-eabi/14.2.1/thumb/v7e-m+dp/hard\libg_nano.a(libc_a-reent.o)
 .ARM.attributes
                0x000005f9       0x32 C:/PROGRA~2/ARMGNU~1/14EFD8~1.2RE/bin/../lib/gcc/arm-none-eabi/14.2.1/thumb/v7e-m+dp/hard\libg_nano.a(libc_a-impure.o)
 .ARM.attributes
                0x0000062b       0x32 C:/PROGRA~2/ARMGNU~1/14EFD8~1.2RE/bin/../lib/gcc/arm-none-eabi/14.2.1/thumb/v7e-m+dp/hard\libg_nano.a(libc_a-lseekr.o)
 .ARM.attributes
                0x0000065d       0x32 C:/PROGRA~2/ARMGNU~1/14EFD8~1.2RE/bin/../lib/gcc/arm-none-eabi/14.2.1/thumb/v7e-m+dp/hard\libg_nano.a(libc_a-readr.o)
 .ARM.attributes
                0x0000068f       0x32 C:/PROGRA~2/ARMGNU~1/14EFD8~1.2RE/bin/../lib/gcc/arm-none-eabi/14.2.1/thumb/v7e-m+dp/hard\libg_nano.a(libc_a-writer.o)
 .ARM.attributes
                0x000006c1       0x32 C:/PROGRA~2/ARMGNU~1/14EFD8~1.2RE/bin/../lib/gcc/arm-none-eabi/14.2.1/thumb/v7e-m+dp/hard\libg_nano.a(libc_a-errno.o)
 .ARM.attributes
                0x000006f3       0x32 C:/PROGRA~2/ARMGNU~1/14EFD8~1.2RE/bin/../lib/gcc/arm-none-eabi/14.2.1/thumb/v7e-m+dp/hard\libg_nano.a(libc_a-init.o)
 .ARM.attributes
                0x00000725       0x32 C:/PROGRA~2/ARMGNU~1/14EFD8~1.2RE/bin/../lib/gcc/arm-none-eabi/14.2.1/thumb/v7e-m+dp/hard\libg_nano.a(libc_a-lock.o)
 .ARM.attributes
                0x00000757       0x32 C:/PROGRA~2/ARMGNU~1/14EFD8~1.2RE/bin/../lib/gcc/arm-none-eabi/14.2.1/thumb/v7e-m+dp/hard\libg_nano.a(libc_a-memcpy-stub.o)
 .ARM.attributes
                0x00000789       0x32 C:/PROGRA~2/ARMGNU~1/14EFD8~1.2RE/bin/../lib/gcc/arm-none-eabi/14.2.1/thumb/v7e-m+dp/hard\libg_nano.a(libc_a-freer.o)
 .ARM.attributes
                0x000007bb       0x32 C:/PROGRA~2/ARMGNU~1/14EFD8~1.2RE/bin/../lib/gcc/arm-none-eabi/14.2.1/thumb/v7e-m+dp/hard\libg_nano.a(libc_a-mallocr.o)
 .ARM.attributes
                0x000007ed       0x32 C:/PROGRA~2/ARMGNU~1/14EFD8~1.2RE/bin/../lib/gcc/arm-none-eabi/14.2.1/thumb/v7e-m+dp/hard\libg_nano.a(libc_a-mlock.o)
 .ARM.attributes
                0x0000081f       0x32 C:/PROGRA~2/ARMGNU~1/14EFD8~1.2RE/bin/../lib/gcc/arm-none-eabi/14.2.1/thumb/v7e-m+dp/hard\libg_nano.a(libc_a-nano-vfprintf.o)
 .ARM.attributes
                0x00000851       0x32 C:/PROGRA~2/ARMGNU~1/14EFD8~1.2RE/bin/../lib/gcc/arm-none-eabi/14.2.1/thumb/v7e-m+dp/hard\libg_nano.a(libc_a-nano-vfprintf_i.o)
 .ARM.attributes
                0x00000883       0x32 C:/PROGRA~2/ARMGNU~1/14EFD8~1.2RE/bin/../lib/gcc/arm-none-eabi/14.2.1/thumb/v7e-m+dp/hard\libg_nano.a(libc_a-fflush.o)
 .ARM.attributes
                0x000008b5       0x32 C:/PROGRA~2/ARMGNU~1/14EFD8~1.2RE/bin/../lib/gcc/arm-none-eabi/14.2.1/thumb/v7e-m+dp/hard\libg_nano.a(libc_a-makebuf.o)
 .ARM.attributes
                0x000008e7       0x32 C:/PROGRA~2/ARMGNU~1/14EFD8~1.2RE/bin/../lib/gcc/arm-none-eabi/14.2.1/thumb/v7e-m+dp/hard\libg_nano.a(libc_a-fstatr.o)
 .ARM.attributes
                0x00000919       0x32 C:/PROGRA~2/ARMGNU~1/14EFD8~1.2RE/bin/../lib/gcc/arm-none-eabi/14.2.1/thumb/v7e-m+dp/hard\libg_nano.a(libc_a-isattyr.o)
 .ARM.attributes
                0x0000094b       0x32 C:/PROGRA~2/ARMGNU~1/14EFD8~1.2RE/bin/../lib/gcc/arm-none-eabi/14.2.1/thumb/v7e-m+dp/hard\libg_nano.a(libc_a-sbrkr.o)
 .ARM.attributes
                0x0000097d       0x1c C:/PROGRA~2/ARMGNU~1/14EFD8~1.2RE/bin/../lib/gcc/arm-none-eabi/14.2.1/thumb/v7e-m+dp/hard\libg_nano.a(libc_a-memchr.o)
 .ARM.attributes
                0x00000999       0x32 C:/PROGRA~2/ARMGNU~1/14EFD8~1.2RE/bin/../lib/gcc/arm-none-eabi/14.2.1/thumb/v7e-m+dp/hard/crtend.o
 .ARM.attributes
                0x000009cb       0x20 C:/PROGRA~2/ARMGNU~1/14EFD8~1.2RE/bin/../lib/gcc/arm-none-eabi/14.2.1/thumb/v7e-m+dp/hard/crtn.o

.comment        0x00000000       0x45
 .comment       0x00000000       0x45 cmake/stm32cubemx/CMakeFiles/STM32_Drivers.dir/__/__/Core/Src/system_stm32h7xx.c.obj
                                 0x46 (size before relaxing)
 .comment       0x00000045       0x46 cmake/stm32cubemx/CMakeFiles/STM32_Drivers.dir/__/__/Drivers/STM32H7xx_HAL_Driver/Src/stm32h7xx_hal_cortex.c.obj
 .comment       0x00000045       0x46 cmake/stm32cubemx/CMakeFiles/STM32_Drivers.dir/__/__/Drivers/STM32H7xx_HAL_Driver/Src/stm32h7xx_hal_fdcan.c.obj
 .comment       0x00000045       0x46 cmake/stm32cubemx/CMakeFiles/STM32_Drivers.dir/__/__/Drivers/STM32H7xx_HAL_Driver/Src/stm32h7xx_hal_rcc.c.obj
 .comment       0x00000045       0x46 cmake/stm32cubemx/CMakeFiles/STM32_Drivers.dir/__/__/Drivers/STM32H7xx_HAL_Driver/Src/stm32h7xx_hal_rcc_ex.c.obj
 .comment       0x00000045       0x46 cmake/stm32cubemx/CMakeFiles/STM32_Drivers.dir/__/__/Drivers/STM32H7xx_HAL_Driver/Src/stm32h7xx_hal_gpio.c.obj
 .comment       0x00000045       0x46 cmake/stm32cubemx/CMakeFiles/STM32_Drivers.dir/__/__/Drivers/STM32H7xx_HAL_Driver/Src/stm32h7xx_hal_dma.c.obj
 .comment       0x00000045       0x46 cmake/stm32cubemx/CMakeFiles/STM32_Drivers.dir/__/__/Drivers/STM32H7xx_HAL_Driver/Src/stm32h7xx_hal_pwr_ex.c.obj
 .comment       0x00000045       0x46 cmake/stm32cubemx/CMakeFiles/STM32_Drivers.dir/__/__/Drivers/STM32H7xx_HAL_Driver/Src/stm32h7xx_hal.c.obj
 .comment       0x00000045       0x46 cmake/stm32cubemx/CMakeFiles/STM32_Drivers.dir/__/__/Drivers/STM32H7xx_HAL_Driver/Src/stm32h7xx_hal_uart.c.obj
 .comment       0x00000045       0x46 cmake/stm32cubemx/CMakeFiles/STM32_Drivers.dir/__/__/Drivers/STM32H7xx_HAL_Driver/Src/stm32h7xx_hal_uart_ex.c.obj
 .comment       0x00000045       0x46 CMakeFiles/nucleo-FDCAN.dir/Core/Src/main.c.obj
 .comment       0x00000045       0x46 CMakeFiles/nucleo-FDCAN.dir/Core/Src/stm32h7xx_it.c.obj
 .comment       0x00000045       0x46 CMakeFiles/nucleo-FDCAN.dir/Core/Src/stm32h7xx_hal_msp.c.obj
 .comment       0x00000045       0x46 CMakeFiles/nucleo-FDCAN.dir/Core/Src/sysmem.c.obj
 .comment       0x00000045       0x46 CMakeFiles/nucleo-FDCAN.dir/Core/Src/syscalls.c.obj

.debug_line_str
                0x00000000      0x1b6
 .debug_line_str
                0x00000000      0x1b6 C:/PROGRA~2/ARMGNU~1/14EFD8~1.2RE/bin/../lib/gcc/arm-none-eabi/14.2.1/thumb/v7e-m+dp/hard\libgcc.a(_aeabi_uldivmod.o)
                                 0xc9 (size before relaxing)
 .debug_line_str
                0x000001b6       0xcd C:/PROGRA~2/ARMGNU~1/14EFD8~1.2RE/bin/../lib/gcc/arm-none-eabi/14.2.1/thumb/v7e-m+dp/hard\libgcc.a(_dvmd_tls.o)
 .debug_line_str
                0x000001b6       0xe1 C:/PROGRA~2/ARMGNU~1/14EFD8~1.2RE/bin/../lib/gcc/arm-none-eabi/14.2.1/thumb/v7e-m+dp/hard\libg_nano.a(libc_a-memchr.o)

.debug_frame    0x00000000      0x8e4
 .debug_frame   0x00000000       0x2c C:/PROGRA~2/ARMGNU~1/14EFD8~1.2RE/bin/../lib/gcc/arm-none-eabi/14.2.1/thumb/v7e-m+dp/hard\libgcc.a(_aeabi_uldivmod.o)
 .debug_frame   0x0000002c       0x34 C:/PROGRA~2/ARMGNU~1/14EFD8~1.2RE/bin/../lib/gcc/arm-none-eabi/14.2.1/thumb/v7e-m+dp/hard\libgcc.a(_udivmoddi4.o)
 .debug_frame   0x00000060      0x144 C:/PROGRA~2/ARMGNU~1/14EFD8~1.2RE/bin/../lib/gcc/arm-none-eabi/14.2.1/thumb/v7e-m+dp/hard\libg_nano.a(libc_a-findfp.o)
 .debug_frame   0x000001a4       0x34 C:/PROGRA~2/ARMGNU~1/14EFD8~1.2RE/bin/../lib/gcc/arm-none-eabi/14.2.1/thumb/v7e-m+dp/hard\libg_nano.a(libc_a-fwalk.o)
 .debug_frame   0x000001d8       0x6c C:/PROGRA~2/ARMGNU~1/14EFD8~1.2RE/bin/../lib/gcc/arm-none-eabi/14.2.1/thumb/v7e-m+dp/hard\libg_nano.a(libc_a-printf.o)
 .debug_frame   0x00000244       0x3c C:/PROGRA~2/ARMGNU~1/14EFD8~1.2RE/bin/../lib/gcc/arm-none-eabi/14.2.1/thumb/v7e-m+dp/hard\libg_nano.a(libc_a-puts.o)
 .debug_frame   0x00000280       0x88 C:/PROGRA~2/ARMGNU~1/14EFD8~1.2RE/bin/../lib/gcc/arm-none-eabi/14.2.1/thumb/v7e-m+dp/hard\libg_nano.a(libc_a-stdio.o)
 .debug_frame   0x00000308       0x40 C:/PROGRA~2/ARMGNU~1/14EFD8~1.2RE/bin/../lib/gcc/arm-none-eabi/14.2.1/thumb/v7e-m+dp/hard\libg_nano.a(libc_a-wbuf.o)
 .debug_frame   0x00000348       0x2c C:/PROGRA~2/ARMGNU~1/14EFD8~1.2RE/bin/../lib/gcc/arm-none-eabi/14.2.1/thumb/v7e-m+dp/hard\libg_nano.a(libc_a-wsetup.o)
 .debug_frame   0x00000374       0x20 C:/PROGRA~2/ARMGNU~1/14EFD8~1.2RE/bin/../lib/gcc/arm-none-eabi/14.2.1/thumb/v7e-m+dp/hard\libg_nano.a(libc_a-memset.o)
 .debug_frame   0x00000394       0x2c C:/PROGRA~2/ARMGNU~1/14EFD8~1.2RE/bin/../lib/gcc/arm-none-eabi/14.2.1/thumb/v7e-m+dp/hard\libg_nano.a(libc_a-closer.o)
 .debug_frame   0x000003c0       0x38 C:/PROGRA~2/ARMGNU~1/14EFD8~1.2RE/bin/../lib/gcc/arm-none-eabi/14.2.1/thumb/v7e-m+dp/hard\libg_nano.a(libc_a-reent.o)
 .debug_frame   0x000003f8       0x2c C:/PROGRA~2/ARMGNU~1/14EFD8~1.2RE/bin/../lib/gcc/arm-none-eabi/14.2.1/thumb/v7e-m+dp/hard\libg_nano.a(libc_a-lseekr.o)
 .debug_frame   0x00000424       0x2c C:/PROGRA~2/ARMGNU~1/14EFD8~1.2RE/bin/../lib/gcc/arm-none-eabi/14.2.1/thumb/v7e-m+dp/hard\libg_nano.a(libc_a-readr.o)
 .debug_frame   0x00000450       0x2c C:/PROGRA~2/ARMGNU~1/14EFD8~1.2RE/bin/../lib/gcc/arm-none-eabi/14.2.1/thumb/v7e-m+dp/hard\libg_nano.a(libc_a-writer.o)
 .debug_frame   0x0000047c       0x20 C:/PROGRA~2/ARMGNU~1/14EFD8~1.2RE/bin/../lib/gcc/arm-none-eabi/14.2.1/thumb/v7e-m+dp/hard\libg_nano.a(libc_a-errno.o)
 .debug_frame   0x0000049c       0x2c C:/PROGRA~2/ARMGNU~1/14EFD8~1.2RE/bin/../lib/gcc/arm-none-eabi/14.2.1/thumb/v7e-m+dp/hard\libg_nano.a(libc_a-init.o)
 .debug_frame   0x000004c8       0xb0 C:/PROGRA~2/ARMGNU~1/14EFD8~1.2RE/bin/../lib/gcc/arm-none-eabi/14.2.1/thumb/v7e-m+dp/hard\libg_nano.a(libc_a-lock.o)
 .debug_frame   0x00000578       0x28 C:/PROGRA~2/ARMGNU~1/14EFD8~1.2RE/bin/../lib/gcc/arm-none-eabi/14.2.1/thumb/v7e-m+dp/hard\libg_nano.a(libc_a-memcpy-stub.o)
 .debug_frame   0x000005a0       0x38 C:/PROGRA~2/ARMGNU~1/14EFD8~1.2RE/bin/../lib/gcc/arm-none-eabi/14.2.1/thumb/v7e-m+dp/hard\libg_nano.a(libc_a-freer.o)
 .debug_frame   0x000005d8       0x50 C:/PROGRA~2/ARMGNU~1/14EFD8~1.2RE/bin/../lib/gcc/arm-none-eabi/14.2.1/thumb/v7e-m+dp/hard\libg_nano.a(libc_a-mallocr.o)
 .debug_frame   0x00000628       0x30 C:/PROGRA~2/ARMGNU~1/14EFD8~1.2RE/bin/../lib/gcc/arm-none-eabi/14.2.1/thumb/v7e-m+dp/hard\libg_nano.a(libc_a-mlock.o)
 .debug_frame   0x00000658       0xa8 C:/PROGRA~2/ARMGNU~1/14EFD8~1.2RE/bin/../lib/gcc/arm-none-eabi/14.2.1/thumb/v7e-m+dp/hard\libg_nano.a(libc_a-nano-vfprintf.o)
 .debug_frame   0x00000700       0x60 C:/PROGRA~2/ARMGNU~1/14EFD8~1.2RE/bin/../lib/gcc/arm-none-eabi/14.2.1/thumb/v7e-m+dp/hard\libg_nano.a(libc_a-nano-vfprintf_i.o)
 .debug_frame   0x00000760       0x5c C:/PROGRA~2/ARMGNU~1/14EFD8~1.2RE/bin/../lib/gcc/arm-none-eabi/14.2.1/thumb/v7e-m+dp/hard\libg_nano.a(libc_a-fflush.o)
 .debug_frame   0x000007bc       0x58 C:/PROGRA~2/ARMGNU~1/14EFD8~1.2RE/bin/../lib/gcc/arm-none-eabi/14.2.1/thumb/v7e-m+dp/hard\libg_nano.a(libc_a-makebuf.o)
 .debug_frame   0x00000814       0x2c C:/PROGRA~2/ARMGNU~1/14EFD8~1.2RE/bin/../lib/gcc/arm-none-eabi/14.2.1/thumb/v7e-m+dp/hard\libg_nano.a(libc_a-fstatr.o)
 .debug_frame   0x00000840       0x2c C:/PROGRA~2/ARMGNU~1/14EFD8~1.2RE/bin/../lib/gcc/arm-none-eabi/14.2.1/thumb/v7e-m+dp/hard\libg_nano.a(libc_a-isattyr.o)
 .debug_frame   0x0000086c       0x2c C:/PROGRA~2/ARMGNU~1/14EFD8~1.2RE/bin/../lib/gcc/arm-none-eabi/14.2.1/thumb/v7e-m+dp/hard\libg_nano.a(libc_a-sbrkr.o)
 .debug_frame   0x00000898       0x4c C:/PROGRA~2/ARMGNU~1/14EFD8~1.2RE/bin/../lib/gcc/arm-none-eabi/14.2.1/thumb/v7e-m+dp/hard\libg_nano.a(libc_a-memchr.o)
